== t5063_base_n155od2_old 2026-09-26 20:13:35 gs=bit/gs_n155od2_s1.bit m2=bit/m2_n155od2_s1.bit secs=60
Done
Done
board=gs PLL_LOCKED=1 CDR=1  LOOPBACK_SEL=0 (far:RX_PMA=0 RX_PCS=0 near:TX_PMA=0 TX_PCS=0 RX_OVR=0 TX_OVR=0; 0x2A=0x280C 0x40=0x1018)  rx: PEER 10/10 distinct=10  expect=peer -> PASS
board=m2 PLL_LOCKED=1 CDR=1  LOOPBACK_SEL=0 (far:RX_PMA=0 RX_PCS=0 near:TX_PMA=0 TX_PCS=0 RX_OVR=0 TX_OVR=0; 0x2A=0x280C 0x40=0x1018)  rx: PEER 10/10 distinct=10  expect=peer -> PASS
Traceback (most recent call last):
  File "/usr/lib/python3/dist-packages/serial/serialposix.py", line 501, in read
    'device reports readiness to read but returned no data '
serial.serialutil.SerialException: device reports readiness to read but returned no data (device disconnected or multiple access on port?)

During handling of the above exception, another exception occurred:

Traceback (most recent call last):
  File "ber_mon.py", line 155, in <module>
    sys.exit(main())
  File "ber_mon.py", line 107, in main
    s = open_port()
  File "ber_mon.py", line 45, in open_port
    lines(s, 1)                     # drop a possibly half-buffered line (ttyACM keeps old data)
  File "ber_mon.py", line 32, in lines
    buf += ser.read(512)
  File "/usr/lib/python3/dist-packages/serial/serialposix.py", line 509, in read
    raise SerialException('read failed: {}'.format(e))
serial.serialutil.SerialException: read failed: device reports readiness to read but returned no data (device disconnected or multiple access on port?)
ber_mon exit=1
Traceback (most recent call last):
  File "<string>", line 1, in <module>
  File "/usr/lib/python3.7/json/__init__.py", line 296, in load
    parse_constant=parse_constant, object_pairs_hook=object_pairs_hook, **kw)
  File "/usr/lib/python3.7/json/__init__.py", line 348, in loads
    return _default_decoder.decode(s)
  File "/usr/lib/python3.7/json/decoder.py", line 337, in decode
    obj, end = self.raw_decode(s, idx=_w(s, 0).end())
  File "/usr/lib/python3.7/json/decoder.py", line 355, in raw_decode
    raise JSONDecodeError("Expecting value", s, err.value) from None
json.decoder.JSONDecodeError: Expecting value: line 1 column 1 (char 0)
board=gs PLL_LOCKED=1 CDR=1  LOOPBACK_SEL=0 (far:RX_PMA=0 RX_PCS=0 near:TX_PMA=0 TX_PCS=0 RX_OVR=0 TX_OVR=0; 0x2A=0x280C 0x40=0x1018)  rx: PEER 10/10 distinct=10  expect=peer -> PASS
board=m2 PLL_LOCKED=1 CDR=1  LOOPBACK_SEL=0 (far:RX_PMA=0 RX_PCS=0 near:TX_PMA=0 TX_PCS=0 RX_OVR=0 TX_OVR=0; 0x2A=0x280C 0x40=0x1018)  rx: PEER 10/10 distinct=10  expect=peer -> PASS
== END 20:14:22
