== E2 5G AFE 01:03:50
board=gs set RX_AFE_GAIN=0 RX_AFE_PEAK=24
board=m2 set RX_AFE_GAIN=0 RX_AFE_PEAK=24
board=m2 recal RX_EN_EQA=1 RX_EQA_LOCKED=1 RX_CDR_LOCKED=1 TX_CALIB_DONE=1 RX_CALIB_DONE=1 wait_s=0.28
board=gs recal RX_EN_EQA=1 RX_EQA_LOCKED=1 RX_CDR_LOCKED=1 TX_CALIB_DONE=1 RX_CALIB_DONE=1 wait_s=1.31
HEALTH board=m2 e2_g0_p24 r1 problems=PLL_BISC_TIMER_DONE=0,PLL_BISC_CP_VALID=0,RX_CDR_LOCKED=0 freq_acc=[0, 0, 0] span=0
HEALTH board=gs e2_g0_p24 r1 problems=PLL_BISC_TIMER_DONE=0,PLL_BISC_CP_VALID=0,RX_CDR_LOCKED=0 freq_acc=[0, 0, 0] span=0
== e2_g0_p24 r1: gs->m2 4.77e-02  m2->gs 9.48e-03
board=gs set RX_AFE_GAIN=0 RX_AFE_PEAK=16
board=m2 set RX_AFE_GAIN=0 RX_AFE_PEAK=16
board=m2 recal RX_EN_EQA=1 RX_EQA_LOCKED=1 RX_CDR_LOCKED=1 TX_CALIB_DONE=1 RX_CALIB_DONE=1 wait_s=0.41
board=gs recal RX_EN_EQA=1 RX_EQA_LOCKED=1 RX_CDR_LOCKED=1 TX_CALIB_DONE=1 RX_CALIB_DONE=1 wait_s=0.13
HEALTH board=m2 e2_g0_p16 r1 problems=PLL_BISC_TIMER_DONE=0,PLL_BISC_CP_VALID=0 freq_acc=[0, 0, 0] span=0
HEALTH board=gs e2_g0_p16 r1 problems=PLL_BISC_TIMER_DONE=0,PLL_BISC_CP_VALID=0,RX_CDR_LOCKED=0 freq_acc=[0, 0, 0] span=0
== e2_g0_p16 r1: gs->m2 1.08e-01  m2->gs 1.67e-01
board=gs set RX_AFE_GAIN=0 RX_AFE_PEAK=12
board=m2 set RX_AFE_GAIN=0 RX_AFE_PEAK=12
board=m2 recal RX_EN_EQA=1 RX_EQA_LOCKED=1 RX_CDR_LOCKED=1 TX_CALIB_DONE=1 RX_CALIB_DONE=1 wait_s=0.36
board=gs recal RX_EN_EQA=1 RX_EQA_LOCKED=1 RX_CDR_LOCKED=1 TX_CALIB_DONE=1 RX_CALIB_DONE=1 wait_s=1.56
HEALTH board=m2 e2_g0_p12 r1 problems=PLL_BISC_TIMER_DONE=0,PLL_BISC_CP_VALID=0,RX_CDR_LOCKED=0 freq_acc=[0, 0, 0] span=0
HEALTH board=gs e2_g0_p12 r1 problems=PLL_BISC_TIMER_DONE=0,PLL_BISC_CP_VALID=0,RX_CDR_LOCKED=0 freq_acc=[0, 0, 0] span=0
== e2_g0_p12 r1: gs->m2 4.30e-02  m2->gs 2.42e-02
board=gs set RX_AFE_GAIN=0 RX_AFE_PEAK=8
board=m2 set RX_AFE_GAIN=0 RX_AFE_PEAK=8
board=m2 recal RX_EN_EQA=1 RX_EQA_LOCKED=1 RX_CDR_LOCKED=1 TX_CALIB_DONE=1 RX_CALIB_DONE=1 wait_s=0.24
board=gs recal RX_EN_EQA=1 RX_EQA_LOCKED=1 RX_CDR_LOCKED=1 TX_CALIB_DONE=1 RX_CALIB_DONE=1 wait_s=0.13
HEALTH board=m2 e2_g0_p8 r1 problems=PLL_BISC_TIMER_DONE=0,PLL_BISC_CP_VALID=0,RX_CDR_LOCKED=0 freq_acc=[0, 0, 0] span=0
HEALTH board=gs e2_g0_p8 r1 problems=PLL_BISC_TIMER_DONE=0,PLL_BISC_CP_VALID=0,RX_CDR_LOCKED=0 freq_acc=[0, 0, 0] span=0
== e2_g0_p8 r1: gs->m2 8.43e-02  m2->gs 5.02e-02
board=gs set RX_AFE_GAIN=0 RX_AFE_PEAK=4
board=m2 set RX_AFE_GAIN=0 RX_AFE_PEAK=4
board=m2 recal RX_EN_EQA=1 RX_EQA_LOCKED=1 RX_CDR_LOCKED=1 TX_CALIB_DONE=1 RX_CALIB_DONE=1 wait_s=0.13
board=gs recal RX_EN_EQA=1 RX_EQA_LOCKED=1 RX_CDR_LOCKED=1 TX_CALIB_DONE=1 RX_CALIB_DONE=1 wait_s=0.2
HEALTH board=m2 e2_g0_p4 r1 problems=PLL_BISC_TIMER_DONE=0,PLL_BISC_CP_VALID=0,RX_CDR_LOCKED=0 freq_acc=[0, 0, 0] span=0
HEALTH board=gs e2_g0_p4 r1 problems=PLL_BISC_TIMER_DONE=0,PLL_BISC_CP_VALID=0 freq_acc=[0, 0, 0] span=0
== e2_g0_p4 r1: gs->m2 9.90e-02  m2->gs 6.12e-02
board=gs set RX_AFE_GAIN=0 RX_AFE_PEAK=0
board=m2 set RX_AFE_GAIN=0 RX_AFE_PEAK=0
board=m2 recal RX_EN_EQA=1 RX_EQA_LOCKED=1 RX_CDR_LOCKED=1 TX_CALIB_DONE=1 RX_CALIB_DONE=1 wait_s=1.81
board=gs recal RX_EN_EQA=1 RX_EQA_LOCKED=1 RX_CDR_LOCKED=1 TX_CALIB_DONE=1 RX_CALIB_DONE=1 wait_s=0.13
HEALTH board=m2 e2_g0_p0 r1 problems=PLL_BISC_TIMER_DONE=0,PLL_BISC_CP_VALID=0,RX_CDR_LOCKED=0 freq_acc=[0, 0, 0] span=0
HEALTH board=gs e2_g0_p0 r1 problems=PLL_BISC_TIMER_DONE=0,PLL_BISC_CP_VALID=0,RX_CDR_LOCKED=0 freq_acc=[0, 0, 0] span=0
== e2_g0_p0 r1: gs->m2 1.14e-01  m2->gs 6.42e-02
board=gs set RX_AFE_GAIN=1 RX_AFE_PEAK=24
board=m2 set RX_AFE_GAIN=1 RX_AFE_PEAK=24
board=m2 recal RX_EN_EQA=1 RX_EQA_LOCKED=1 RX_CDR_LOCKED=1 TX_CALIB_DONE=1 RX_CALIB_DONE=1 wait_s=0.52
board=gs recal RX_EN_EQA=1 RX_EQA_LOCKED=1 RX_CDR_LOCKED=1 TX_CALIB_DONE=1 RX_CALIB_DONE=1 wait_s=0.23
HEALTH board=m2 e2_g1_p24 r1 problems=PLL_BISC_TIMER_DONE=0,PLL_BISC_CP_VALID=0,RX_CDR_LOCKED=0 freq_acc=[0, 0, 0] span=0
HEALTH board=gs e2_g1_p24 r1 problems=PLL_BISC_TIMER_DONE=0,PLL_BISC_CP_VALID=0,RX_CDR_LOCKED=0 freq_acc=[0, 0, 0] span=0
== e2_g1_p24 r1: gs->m2 1.01e-01  m2->gs 5.00e-01
board=gs set RX_AFE_GAIN=1 RX_AFE_PEAK=16
board=m2 set RX_AFE_GAIN=1 RX_AFE_PEAK=16
board=m2 recal RX_EN_EQA=1 RX_EQA_LOCKED=1 RX_CDR_LOCKED=1 TX_CALIB_DONE=1 RX_CALIB_DONE=1 wait_s=0.24
board=gs recal RX_EN_EQA=1 RX_EQA_LOCKED=1 RX_CDR_LOCKED=1 TX_CALIB_DONE=1 RX_CALIB_DONE=1 wait_s=1.22
HEALTH board=m2 e2_g1_p16 r1 problems=PLL_BISC_TIMER_DONE=0,PLL_BISC_CP_VALID=0,RX_CDR_LOCKED=0 freq_acc=[0, 0, 0] span=0
HEALTH board=gs e2_g1_p16 r1 problems=PLL_BISC_TIMER_DONE=0,PLL_BISC_CP_VALID=0,RX_CDR_LOCKED=0 freq_acc=[0, 0, 0] span=0
== e2_g1_p16 r1: gs->m2 1.11e-01  m2->gs 5.00e-01
board=gs set RX_AFE_GAIN=1 RX_AFE_PEAK=12
board=m2 set RX_AFE_GAIN=1 RX_AFE_PEAK=12
board=m2 recal RX_EN_EQA=1 RX_EQA_LOCKED=1 RX_CDR_LOCKED=1 TX_CALIB_DONE=1 RX_CALIB_DONE=1 wait_s=0.13
board=gs recal RX_EN_EQA=1 RX_EQA_LOCKED=1 RX_CDR_LOCKED=1 TX_CALIB_DONE=1 RX_CALIB_DONE=1 wait_s=0.13
HEALTH board=m2 e2_g1_p12 r1 problems=PLL_BISC_TIMER_DONE=0,PLL_BISC_CP_VALID=0 freq_acc=[0, 0, 0] span=0
HEALTH board=gs e2_g1_p12 r1 problems=PLL_BISC_TIMER_DONE=0,PLL_BISC_CP_VALID=0,RX_CDR_LOCKED=0 freq_acc=[0, 0, 0] span=0
== e2_g1_p12 r1: gs->m2 7.73e-02  m2->gs 6.63e-02
board=gs set RX_AFE_GAIN=1 RX_AFE_PEAK=8
board=m2 set RX_AFE_GAIN=1 RX_AFE_PEAK=8
board=m2 recal RX_EN_EQA=1 RX_EQA_LOCKED=1 RX_CDR_LOCKED=1 TX_CALIB_DONE=1 RX_CALIB_DONE=1 wait_s=0.13
board=gs recal RX_EN_EQA=1 RX_EQA_LOCKED=1 RX_CDR_LOCKED=1 TX_CALIB_DONE=1 RX_CALIB_DONE=1 wait_s=0.21
HEALTH board=m2 e2_g1_p8 r1 problems=PLL_BISC_TIMER_DONE=0,PLL_BISC_CP_VALID=0,RX_CDR_LOCKED=0 freq_acc=[0, 0, 0] span=0
HEALTH board=gs e2_g1_p8 r1 problems=PLL_BISC_TIMER_DONE=0,PLL_BISC_CP_VALID=0,RX_CDR_LOCKED=0 freq_acc=[0, 0, 0] span=0
== e2_g1_p8 r1: gs->m2 1.92e+00  m2->gs 3.49e-02
board=gs set RX_AFE_GAIN=1 RX_AFE_PEAK=4
board=m2 set RX_AFE_GAIN=1 RX_AFE_PEAK=4
board=m2 recal RX_EN_EQA=1 RX_EQA_LOCKED=1 RX_CDR_LOCKED=1 TX_CALIB_DONE=1 RX_CALIB_DONE=1 wait_s=0.13
board=gs recal RX_EN_EQA=1 RX_EQA_LOCKED=1 RX_CDR_LOCKED=1 TX_CALIB_DONE=1 RX_CALIB_DONE=1 wait_s=0.36
HEALTH board=m2 e2_g1_p4 r1 problems=PLL_BISC_TIMER_DONE=0,PLL_BISC_CP_VALID=0,RX_CDR_LOCKED=0 freq_acc=[0, 0, 0] span=0
HEALTH board=gs e2_g1_p4 r1 problems=PLL_BISC_TIMER_DONE=0,PLL_BISC_CP_VALID=0,RX_CDR_LOCKED=0 freq_acc=[0, 0, 0] span=0
== e2_g1_p4 r1: gs->m2 1.28e-01  m2->gs 7.08e-02
board=gs set RX_AFE_GAIN=1 RX_AFE_PEAK=0
board=m2 set RX_AFE_GAIN=1 RX_AFE_PEAK=0
board=m2 recal RX_EN_EQA=1 RX_EQA_LOCKED=1 RX_CDR_LOCKED=0 TX_CALIB_DONE=1 RX_CALIB_DONE=1 wait_s=3.09
board=gs recal RX_EN_EQA=1 RX_EQA_LOCKED=1 RX_CDR_LOCKED=1 TX_CALIB_DONE=1 RX_CALIB_DONE=1 wait_s=0.39
HEALTH board=m2 e2_g1_p0 r1 problems=PLL_BISC_TIMER_DONE=0,PLL_BISC_CP_VALID=0,RX_CDR_LOCKED=0 freq_acc=[0, 0, 0] span=0
HEALTH board=gs e2_g1_p0 r1 problems=PLL_BISC_TIMER_DONE=0,PLL_BISC_CP_VALID=0,RX_CDR_LOCKED=0 freq_acc=[0, 0, 0] span=0
== e2_g1_p0 r1: gs->m2 1.74e-04  m2->gs 2.66e-01
board=gs set RX_AFE_GAIN=2 RX_AFE_PEAK=24
board=m2 set RX_AFE_GAIN=2 RX_AFE_PEAK=24
board=m2 recal RX_EN_EQA=1 RX_EQA_LOCKED=1 RX_CDR_LOCKED=0 TX_CALIB_DONE=1 RX_CALIB_DONE=1 wait_s=3.19
board=gs recal RX_EN_EQA=1 RX_EQA_LOCKED=1 RX_CDR_LOCKED=0 TX_CALIB_DONE=1 RX_CALIB_DONE=1 wait_s=3.1
HEALTH board=m2 e2_g2_p24 r1 problems=PLL_BISC_TIMER_DONE=0,PLL_BISC_CP_VALID=0,RX_CDR_LOCKED=0 freq_acc=[0, 0, 0] span=0
HEALTH board=gs e2_g2_p24 r1 problems=PLL_BISC_TIMER_DONE=0,PLL_BISC_CP_VALID=0,RX_CDR_LOCKED=0 freq_acc=[0, 0, 0] span=0
== e2_g2_p24 r1: gs->m2 1.03e-01  m2->gs 5.00e-01
board=gs set RX_AFE_GAIN=2 RX_AFE_PEAK=16
board=m2 set RX_AFE_GAIN=2 RX_AFE_PEAK=16
board=m2 recal RX_EN_EQA=1 RX_EQA_LOCKED=1 RX_CDR_LOCKED=0 TX_CALIB_DONE=1 RX_CALIB_DONE=1 wait_s=3.21
board=gs recal RX_EN_EQA=1 RX_EQA_LOCKED=1 RX_CDR_LOCKED=0 TX_CALIB_DONE=1 RX_CALIB_DONE=1 wait_s=3.3
HEALTH board=m2 e2_g2_p16 r1 problems=PLL_BISC_TIMER_DONE=0,PLL_BISC_CP_VALID=0,RX_CDR_LOCKED=0 freq_acc=[0, 0, 0] span=0
HEALTH board=gs e2_g2_p16 r1 problems=PLL_BISC_TIMER_DONE=0,PLL_BISC_CP_VALID=0,RX_CDR_LOCKED=0 freq_acc=[0, 0, 0] span=0
== e2_g2_p16 r1: gs->m2 1.06e-01  m2->gs 5.00e-01
board=gs set RX_AFE_GAIN=2 RX_AFE_PEAK=12
board=m2 set RX_AFE_GAIN=2 RX_AFE_PEAK=12
board=m2 recal RX_EN_EQA=1 RX_EQA_LOCKED=1 RX_CDR_LOCKED=1 TX_CALIB_DONE=1 RX_CALIB_DONE=1 wait_s=0.23
board=gs recal RX_EN_EQA=1 RX_EQA_LOCKED=1 RX_CDR_LOCKED=1 TX_CALIB_DONE=1 RX_CALIB_DONE=1 wait_s=0.22
HEALTH board=m2 e2_g2_p12 r1 problems=PLL_BISC_TIMER_DONE=0,PLL_BISC_CP_VALID=0,RX_CDR_LOCKED=0 freq_acc=[0, 0, 0] span=0
HEALTH board=gs e2_g2_p12 r1 problems=PLL_BISC_TIMER_DONE=0,PLL_BISC_CP_VALID=0,RX_CDR_LOCKED=0 freq_acc=[0, 0, 0] span=0
== e2_g2_p12 r1: gs->m2 1.27e-01  m2->gs 9.45e-02
board=gs set RX_AFE_GAIN=2 RX_AFE_PEAK=8
board=m2 set RX_AFE_GAIN=2 RX_AFE_PEAK=8
board=m2 recal RX_EN_EQA=1 RX_EQA_LOCKED=1 RX_CDR_LOCKED=1 TX_CALIB_DONE=1 RX_CALIB_DONE=1 wait_s=0.52
board=gs recal RX_EN_EQA=1 RX_EQA_LOCKED=1 RX_CDR_LOCKED=1 TX_CALIB_DONE=1 RX_CALIB_DONE=1 wait_s=0.55
HEALTH board=m2 e2_g2_p8 r1 problems=PLL_BISC_TIMER_DONE=0,PLL_BISC_CP_VALID=0,RX_CDR_LOCKED=0 freq_acc=[0, 0, 0] span=0
HEALTH board=gs e2_g2_p8 r1 problems=PLL_BISC_TIMER_DONE=0,PLL_BISC_CP_VALID=0,RX_CDR_LOCKED=0 freq_acc=[0, 0, 0] span=0
== e2_g2_p8 r1: gs->m2 2.39e-01  m2->gs 5.76e-02
board=gs set RX_AFE_GAIN=2 RX_AFE_PEAK=4
board=m2 set RX_AFE_GAIN=2 RX_AFE_PEAK=4
board=m2 recal RX_EN_EQA=1 RX_EQA_LOCKED=1 RX_CDR_LOCKED=1 TX_CALIB_DONE=1 RX_CALIB_DONE=1 wait_s=0.74
board=gs recal RX_EN_EQA=1 RX_EQA_LOCKED=1 RX_CDR_LOCKED=1 TX_CALIB_DONE=1 RX_CALIB_DONE=1 wait_s=0.23
HEALTH board=m2 e2_g2_p4 r1 problems=PLL_BISC_TIMER_DONE=0,PLL_BISC_CP_VALID=0,RX_CDR_LOCKED=0 freq_acc=[0, 0, 0] span=0
HEALTH board=gs e2_g2_p4 r1 problems=PLL_BISC_TIMER_DONE=0,PLL_BISC_CP_VALID=0,RX_CDR_LOCKED=0 freq_acc=[0, 0, 0] span=0
== e2_g2_p4 r1: gs->m2 5.00e-01  m2->gs 1.04e-01
board=gs set RX_AFE_GAIN=2 RX_AFE_PEAK=0
board=m2 set RX_AFE_GAIN=2 RX_AFE_PEAK=0
board=m2 recal RX_EN_EQA=1 RX_EQA_LOCKED=1 RX_CDR_LOCKED=0 TX_CALIB_DONE=1 RX_CALIB_DONE=1 wait_s=3.26
board=gs recal RX_EN_EQA=1 RX_EQA_LOCKED=1 RX_CDR_LOCKED=0 TX_CALIB_DONE=1 RX_CALIB_DONE=1 wait_s=3.24
HEALTH board=m2 e2_g2_p0 r1 problems=PLL_BISC_TIMER_DONE=0,PLL_BISC_CP_VALID=0,RX_CDR_LOCKED=0 freq_acc=[0, 0, 0] span=0
HEALTH board=gs e2_g2_p0 r1 problems=PLL_BISC_TIMER_DONE=0,PLL_BISC_CP_VALID=0,RX_CDR_LOCKED=0 freq_acc=[0, 0, 0] span=0
== e2_g2_p0 r1: gs->m2 2.01e-05  m2->gs 5.00e-01
board=gs set RX_AFE_GAIN=3 RX_AFE_PEAK=24
board=m2 set RX_AFE_GAIN=3 RX_AFE_PEAK=24
board=m2 recal RX_EN_EQA=1 RX_EQA_LOCKED=1 RX_CDR_LOCKED=1 TX_CALIB_DONE=1 RX_CALIB_DONE=1 wait_s=0.36
board=gs recal RX_EN_EQA=1 RX_EQA_LOCKED=1 RX_CDR_LOCKED=0 TX_CALIB_DONE=1 RX_CALIB_DONE=1 wait_s=3.12
HEALTH board=m2 e2_g3_p24 r1 problems=PLL_BISC_TIMER_DONE=0,PLL_BISC_CP_VALID=0,RX_CDR_LOCKED=0 freq_acc=[0, 0, 0] span=0
HEALTH board=gs e2_g3_p24 r1 problems=PLL_BISC_TIMER_DONE=0,PLL_BISC_CP_VALID=0,RX_CDR_LOCKED=0 freq_acc=[0, 0, 0] span=0
== e2_g3_p24 r1: gs->m2 1.16e-01  m2->gs 5.00e-01
board=gs set RX_AFE_GAIN=3 RX_AFE_PEAK=16
board=m2 set RX_AFE_GAIN=3 RX_AFE_PEAK=16
board=m2 recal RX_EN_EQA=1 RX_EQA_LOCKED=1 RX_CDR_LOCKED=0 TX_CALIB_DONE=1 RX_CALIB_DONE=1 wait_s=3.29
board=gs recal RX_EN_EQA=1 RX_EQA_LOCKED=1 RX_CDR_LOCKED=1 TX_CALIB_DONE=1 RX_CALIB_DONE=1 wait_s=0.61
HEALTH board=m2 e2_g3_p16 r1 problems=PLL_BISC_TIMER_DONE=0,PLL_BISC_CP_VALID=0,RX_CDR_LOCKED=0 freq_acc=[0, 0, 0] span=0
HEALTH board=gs e2_g3_p16 r1 problems=PLL_BISC_TIMER_DONE=0,PLL_BISC_CP_VALID=0,RX_CDR_LOCKED=0 freq_acc=[0, 0, 0] span=0
== e2_g3_p16 r1: gs->m2 1.38e-01  m2->gs 5.00e-01
board=gs set RX_AFE_GAIN=3 RX_AFE_PEAK=12
board=m2 set RX_AFE_GAIN=3 RX_AFE_PEAK=12
board=m2 recal RX_EN_EQA=1 RX_EQA_LOCKED=1 RX_CDR_LOCKED=1 TX_CALIB_DONE=1 RX_CALIB_DONE=1 wait_s=0.24
board=gs recal RX_EN_EQA=1 RX_EQA_LOCKED=1 RX_CDR_LOCKED=1 TX_CALIB_DONE=1 RX_CALIB_DONE=1 wait_s=0.36
HEALTH board=m2 e2_g3_p12 r1 problems=PLL_BISC_TIMER_DONE=0,PLL_BISC_CP_VALID=0,RX_CDR_LOCKED=0 freq_acc=[0, 0, 0] span=0
HEALTH board=gs e2_g3_p12 r1 problems=PLL_BISC_TIMER_DONE=0,PLL_BISC_CP_VALID=0,RX_CDR_LOCKED=0 freq_acc=[0, 0, 0] span=0
== e2_g3_p12 r1: gs->m2 1.05e-01  m2->gs 6.91e-02
board=gs set RX_AFE_GAIN=3 RX_AFE_PEAK=8
board=m2 set RX_AFE_GAIN=3 RX_AFE_PEAK=8
board=m2 recal RX_EN_EQA=1 RX_EQA_LOCKED=1 RX_CDR_LOCKED=1 TX_CALIB_DONE=1 RX_CALIB_DONE=1 wait_s=0.61
board=gs recal RX_EN_EQA=1 RX_EQA_LOCKED=1 RX_CDR_LOCKED=1 TX_CALIB_DONE=1 RX_CALIB_DONE=1 wait_s=0.41
HEALTH board=m2 e2_g3_p8 r1 problems=PLL_BISC_TIMER_DONE=0,PLL_BISC_CP_VALID=0,RX_CDR_LOCKED=0 freq_acc=[0, 0, 0] span=0
HEALTH board=gs e2_g3_p8 r1 problems=PLL_BISC_TIMER_DONE=0,PLL_BISC_CP_VALID=0,RX_CDR_LOCKED=0 freq_acc=[0, 0, 0] span=0
== e2_g3_p8 r1: gs->m2 8.32e-02  m2->gs 7.69e-02
board=gs set RX_AFE_GAIN=3 RX_AFE_PEAK=4
board=m2 set RX_AFE_GAIN=3 RX_AFE_PEAK=4
board=m2 recal RX_EN_EQA=1 RX_EQA_LOCKED=1 RX_CDR_LOCKED=0 TX_CALIB_DONE=1 RX_CALIB_DONE=1 wait_s=3.12
board=gs recal RX_EN_EQA=1 RX_EQA_LOCKED=1 RX_CDR_LOCKED=1 TX_CALIB_DONE=1 RX_CALIB_DONE=1 wait_s=0.36
HEALTH board=m2 e2_g3_p4 r1 problems=PLL_BISC_TIMER_DONE=0,PLL_BISC_CP_VALID=0,RX_CDR_LOCKED=0 freq_acc=[0, 0, 0] span=0
HEALTH board=gs e2_g3_p4 r1 problems=PLL_BISC_TIMER_DONE=0,PLL_BISC_CP_VALID=0,RX_CDR_LOCKED=0 freq_acc=[0, 0, 0] span=0
== e2_g3_p4 r1: gs->m2 1.11e-01  m2->gs 6.14e-02
board=gs set RX_AFE_GAIN=3 RX_AFE_PEAK=0
board=m2 set RX_AFE_GAIN=3 RX_AFE_PEAK=0
board=m2 recal RX_EN_EQA=1 RX_EQA_LOCKED=1 RX_CDR_LOCKED=0 TX_CALIB_DONE=1 RX_CALIB_DONE=1 wait_s=3.12
board=gs recal RX_EN_EQA=1 RX_EQA_LOCKED=1 RX_CDR_LOCKED=1 TX_CALIB_DONE=1 RX_CALIB_DONE=1 wait_s=0.36
HEALTH board=m2 e2_g3_p0 r1 problems=PLL_BISC_TIMER_DONE=0,PLL_BISC_CP_VALID=0,RX_CDR_LOCKED=0 freq_acc=[0, 0, 0] span=0
HEALTH board=gs e2_g3_p0 r1 problems=PLL_BISC_TIMER_DONE=0,PLL_BISC_CP_VALID=0,RX_CDR_LOCKED=0 freq_acc=[0, 0, 0] span=0
== e2_g3_p0 r1: gs->m2 1.20e-01  m2->gs 5.00e-01
ABRUN DONE 01:53:04
| Point | n | BER gs→m2 median (worst) | BER m2→gs median (worst) | bits per direction |
|---|---|---|---|---|
| e2_g0_p0 | 1 | 1.14e-01 (1.14e-01) | 6.42e-02 (6.42e-02) | 3.19e+10 |
| e2_g0_p12 | 1 | 4.30e-02 (4.30e-02) | 2.42e-02 (2.42e-02) | 9.73e+07 |
| e2_g0_p16 | 1 | 1.08e-01 (1.08e-01) | 1.67e-01 (1.67e-01) | 4.62e+09 |
| e2_g0_p24 | 1 | 4.77e-02 (4.77e-02) | 9.48e-03 (9.48e-03) | 7.49e+10 |
| e2_g0_p4 | 1 | 9.90e-02 (9.90e-02) | 6.12e-02 (6.12e-02) | 4.18e+10 |
| e2_g0_p8 | 1 | 8.43e-02 (8.43e-02) | 5.02e-02 (5.02e-02) | 6.49e+09 |
| e2_g1_p0 | 1 | 1.13e-01 (1.13e-01) | 2.66e-01 (2.66e-01) | 1.03e+10 |
| e2_g1_p12 | 1 | 7.73e-02 (7.73e-02) | 6.63e-02 (6.63e-02) | 5.55e+09 |
| e2_g1_p16 | 1 | 1.11e-01 (1.11e-01) | 5.00e-01 (5.00e-01) | 2.24e+10 |
| e2_g1_p24 | 1 | 1.01e-01 (1.01e-01) | 5.00e-01 (5.00e-01) | 2.81e+10 |
| e2_g1_p4 | 1 | 1.28e-01 (1.28e-01) | 7.08e-02 (7.08e-02) | 3.26e+10 |
| e2_g1_p8 | 1 | 5.00e-01 (5.00e-01) | 3.49e-02 (3.49e-02) | 6.82e+08 |
| e2_g2_p0 | 1 | 2.01e-05 (2.01e-05) | 5.00e-01 (5.00e-01) | 5.33e+12 |
| e2_g2_p12 | 1 | 3.68e-02 (3.68e-02) | 9.20e-02 (9.20e-02) | 4.78e+10 |
| e2_g2_p16 | 1 | 1.06e-01 (1.06e-01) | 5.00e-01 (5.00e-01) | 1.65e+10 |
| e2_g2_p24 | 1 | 1.03e-01 (1.03e-01) | 5.00e-01 (5.00e-01) | 2.23e+10 |
| e2_g2_p4 | 1 | 5.00e-01 (5.00e-01) | 1.04e-01 (1.04e-01) | 2.15e+09 |
| e2_g2_p8 | 1 | 1.15e-01 (1.15e-01) | 5.96e-02 (5.96e-02) | 1.75e+10 |
| e2_g3_p0 | 1 | 1.20e-01 (1.20e-01) | 5.00e-01 (5.00e-01) | 2.94e+09 |
| e2_g3_p12 | 1 | 1.05e-01 (1.05e-01) | 6.91e-02 (6.91e-02) | 3.11e+09 |
| e2_g3_p16 | 1 | 1.38e-01 (1.38e-01) | 5.00e-01 (5.00e-01) | 5.06e+08 |
| e2_g3_p24 | 1 | 1.16e-01 (1.16e-01) | 5.00e-01 (5.00e-01) | 4.67e+09 |
| e2_g3_p4 | 1 | 1.11e-01 (1.11e-01) | 6.14e-02 (6.14e-02) | 2.84e+09 |
| e2_g3_p8 | 1 | 8.32e-02 (8.32e-02) | 7.69e-02 (7.69e-02) | 9.30e+09 |
LAB2B DONE 01:53:04
