== E1 2.5G extra, interleaved 00:32:42
HEALTH board=m2 e1_2g5_det1 r1 problems=PLL_BISC_TIMER_DONE=0,PLL_BISC_CP_VALID=0 freq_acc=[0, 0, 0] span=0
HEALTH board=gs e1_2g5_det1 r1 problems=PLL_BISC_TIMER_DONE=0,PLL_BISC_CP_VALID=0 freq_acc=[0, 0, 0] span=0
== e1_2g5_det1 r1: gs->m2 6.46e-10  m2->gs 1.94e-10
ABRUN DONE 00:34:08
HEALTH board=m2 e1_2g5_det0 r1 problems=PLL_BISC_TIMER_DONE=0,PLL_BISC_CP_VALID=0 freq_acc=[0, 0, 0] span=0
HEALTH board=gs e1_2g5_det0 r1 problems=PLL_BISC_TIMER_DONE=0,PLL_BISC_CP_VALID=0 freq_acc=[0, 0, 0] span=0
== e1_2g5_det0 r1: gs->m2 1.09e-09  m2->gs 1.19e-10
ABRUN DONE 00:35:31
HEALTH board=m2 e1_2g5_det1 r1 problems=PLL_BISC_TIMER_DONE=0,PLL_BISC_CP_VALID=0 freq_acc=[0, 0, 0] span=0
HEALTH board=gs e1_2g5_det1 r1 problems=PLL_BISC_TIMER_DONE=0,PLL_BISC_CP_VALID=0 freq_acc=[0, 0, 0] span=0
== e1_2g5_det1 r1: gs->m2 1.50e-07  m2->gs 2.12e-09
ABRUN DONE 00:36:57
HEALTH board=m2 e1_2g5_det0 r1 problems=PLL_BISC_TIMER_DONE=0,PLL_BISC_CP_VALID=0 freq_acc=[0, 0, 0] span=0
HEALTH board=gs e1_2g5_det0 r1 problems=PLL_BISC_TIMER_DONE=0,PLL_BISC_CP_VALID=0 freq_acc=[0, 0, 0] span=0
== e1_2g5_det0 r1: gs->m2 2.35e-08  m2->gs 2.00e-08
ABRUN DONE 00:38:22
HEALTH board=m2 e1_2g5_det1 r1 problems=PLL_BISC_TIMER_DONE=0,PLL_BISC_CP_VALID=0 freq_acc=[0, 0, 0] span=0
HEALTH board=gs e1_2g5_det1 r1 problems=PLL_BISC_TIMER_DONE=0,PLL_BISC_CP_VALID=0 freq_acc=[0, 0, 0] span=0
== e1_2g5_det1 r1: gs->m2 2.99e-09  m2->gs 8.94e-10
ABRUN DONE 00:39:45
HEALTH board=m2 e1_2g5_det0 r1 problems=PLL_BISC_TIMER_DONE=0,PLL_BISC_CP_VALID=0 freq_acc=[0, 0, 0] span=0
HEALTH board=gs e1_2g5_det0 r1 problems=PLL_BISC_TIMER_DONE=0,PLL_BISC_CP_VALID=0 freq_acc=[0, 0, 0] span=0
== e1_2g5_det0 r1: gs->m2 1.70e-08  m2->gs 1.06e-10
ABRUN DONE 00:41:11
| Point | n | BER gs→m2 median (worst) | BER m2→gs median (worst) | bits per direction |
|---|---|---|---|---|
| e1_2g5_det0 | 6 | 2.03e-08 (4.26e-07) | 1.06e-08 (7.11e-08) | 4.58e+11 |
| e1_2g5_det1 | 6 | 4.69e-09 (1.50e-07) | 5.72e-10 (4.75e-09) | 4.66e+11 |
== E0 5G 00:41:11
Done
Done
INFO:  Found 1 device in JTAG chain.
HEALTH board=gs E0 5g p1 problems=PLL_BISC_TIMER_DONE=0,PLL_BISC_CP_VALID=0,RX_CDR_LOCKED=0 freq_acc=[0, 0, 0, 0, 0, 0, 0, 0, 0, 0] span=0
  PLL_LOCKED=1 PLL_CAP_FT_OF=0 PLL_CAP_FT_UF=0 PLL_CAP_FT=439 PLL_CAP_STATE=2 PLL_BISC_TIMER_DONE=0 PLL_BISC_CP_VALID=0 PLL_BISC_CP=24 PLL_BISC_OPT_DET=0 PLL_BISC_CO=65298 RX_CALIB_DONE=1 RX_CALIB_CAL=0 TX_CALIB_DONE=1 TX_CALIB_CAL=0 RX_EN_EQA=1 RX_EQA_LOCK_CFG=12 RX_EQA_LOCKED=1 RX_EQA_TAPW=5 RX_TH_MON=15 RX_OFFSET=-3 RX_CDR_LOCK_CFG=213 RX_CDR_TRANS_TH=8 RX_CDR_LOCKED=0 RX_PRESENT=0 RX_DETECT_DONE=1 RX_BUF_ERR=0 RX_AFE_PEAK=24 RX_AFE_GAIN=0 RX_AFE_VCMSEL=3 RX_RTERM_VCMSEL=3 RX_CDR_CKP=62 TX_AMP=31 TX_SEL_PRE=5 TX_SEL_POST=5 PLL_REF_RTERM=1
INFO:  Found 1 device in JTAG chain.
HEALTH board=m2 E0 5g p1 problems=PLL_BISC_TIMER_DONE=0,PLL_BISC_CP_VALID=0,RX_CDR_LOCKED=0 freq_acc=[0, 0, 0, 0, 0, 0, 0, 0, 0, 0] span=0
  PLL_LOCKED=1 PLL_CAP_FT_OF=0 PLL_CAP_FT_UF=0 PLL_CAP_FT=517 PLL_CAP_STATE=2 PLL_BISC_TIMER_DONE=0 PLL_BISC_CP_VALID=0 PLL_BISC_CP=24 PLL_BISC_OPT_DET=0 PLL_BISC_CO=63422 RX_CALIB_DONE=1 RX_CALIB_CAL=0 TX_CALIB_DONE=1 TX_CALIB_CAL=0 RX_EN_EQA=1 RX_EQA_LOCK_CFG=12 RX_EQA_LOCKED=1 RX_EQA_TAPW=4 RX_TH_MON=15 RX_OFFSET=0 RX_CDR_LOCK_CFG=213 RX_CDR_TRANS_TH=8 RX_CDR_LOCKED=0 RX_PRESENT=0 RX_DETECT_DONE=1 RX_BUF_ERR=0 RX_AFE_PEAK=24 RX_AFE_GAIN=0 RX_AFE_VCMSEL=3 RX_RTERM_VCMSEL=3 RX_CDR_CKP=62 TX_AMP=31 TX_SEL_PRE=5 TX_SEL_POST=5 PLL_REF_RTERM=1
== E1 5G 00:41:56
HEALTH board=m2 e1_5g_det1 r1 problems=PLL_BISC_TIMER_DONE=0,PLL_BISC_CP_VALID=0,RX_CDR_LOCKED=0 freq_acc=[0, 0, 0] span=0
HEALTH board=gs e1_5g_det1 r1 problems=PLL_BISC_TIMER_DONE=0,PLL_BISC_CP_VALID=0,RX_CDR_LOCKED=0 freq_acc=[0, 0, 0] span=0
== e1_5g_det1 r1: gs->m2 7.21e-02  m2->gs 9.46e-02
HEALTH board=m2 e1_5g_det1 r2 problems=PLL_BISC_TIMER_DONE=0,PLL_BISC_CP_VALID=0,RX_CDR_LOCKED=0 freq_acc=[0, 0, 0] span=0
HEALTH board=gs e1_5g_det1 r2 problems=PLL_BISC_TIMER_DONE=0,PLL_BISC_CP_VALID=0,RX_CDR_LOCKED=0 freq_acc=[0, 0, 0] span=0
== e1_5g_det1 r2: gs->m2 7.93e-02  m2->gs 1.04e-01
HEALTH board=m2 e1_5g_det1 r3 problems=PLL_BISC_TIMER_DONE=0,PLL_BISC_CP_VALID=0,RX_CDR_LOCKED=0 freq_acc=[0, 0, 0] span=0
HEALTH board=gs e1_5g_det1 r3 problems=PLL_BISC_TIMER_DONE=0,PLL_BISC_CP_VALID=0,RX_CDR_LOCKED=0 freq_acc=[0, 0, 0] span=0
== e1_5g_det1 r3: gs->m2 7.85e-02  m2->gs 1.10e-01
ABRUN DONE 00:46:15
HEALTH board=m2 e1_5g_det0 r1 problems=PLL_BISC_TIMER_DONE=0,PLL_BISC_CP_VALID=0 freq_acc=[0, 0, 0] span=0
HEALTH board=gs e1_5g_det0 r1 problems=PLL_BISC_TIMER_DONE=0,PLL_BISC_CP_VALID=0,RX_CDR_LOCKED=0 freq_acc=[0, 0, 0] span=0
== e1_5g_det0 r1: gs->m2 7.71e-02  m2->gs 1.09e-01
HEALTH board=m2 e1_5g_det0 r2 problems=PLL_BISC_TIMER_DONE=0,PLL_BISC_CP_VALID=0,RX_CDR_LOCKED=0 freq_acc=[0, 0, 0] span=0
HEALTH board=gs e1_5g_det0 r2 problems=PLL_BISC_TIMER_DONE=0,PLL_BISC_CP_VALID=0,RX_CDR_LOCKED=0 freq_acc=[0, 0, 0] span=0
== e1_5g_det0 r2: gs->m2 9.04e-02  m2->gs 9.84e-02
HEALTH board=m2 e1_5g_det0 r3 problems=PLL_BISC_TIMER_DONE=0,PLL_BISC_CP_VALID=0,RX_CDR_LOCKED=0 freq_acc=[0, 0, 0] span=0
HEALTH board=gs e1_5g_det0 r3 problems=PLL_BISC_TIMER_DONE=0,PLL_BISC_CP_VALID=0,RX_CDR_LOCKED=0 freq_acc=[0, 0, 0] span=0
== e1_5g_det0 r3: gs->m2 7.77e-02  m2->gs 9.10e-02
ABRUN DONE 00:50:28
== E2 5G AFE 00:50:28
board=gs set RX_AFE_GAIN=0 RX_AFE_PEAK=24
board=m2 set RX_AFE_GAIN=0 RX_AFE_PEAK=24
board=m2 recal RX_EN_EQA=1 RX_EQA_LOCKED=1 RX_CDR_LOCKED=1 TX_CALIB_DONE=1 RX_CALIB_DONE=1 wait_s=0.13
board=gs recal RX_EN_EQA=1 RX_EQA_LOCKED=1 RX_CDR_LOCKED=1 TX_CALIB_DONE=1 RX_CALIB_DONE=1 wait_s=0.36
HEALTH board=m2 e2_g0_p24 r1 problems=PLL_BISC_TIMER_DONE=0,PLL_BISC_CP_VALID=0,RX_CDR_LOCKED=0 freq_acc=[0, 0, 0] span=0
HEALTH board=gs e2_g0_p24 r1 problems=PLL_BISC_TIMER_DONE=0,PLL_BISC_CP_VALID=0,RX_CDR_LOCKED=0 freq_acc=[0, 0, 0] span=0
== e2_g0_p24 r1: gs->m2 9.23e-02  m2->gs 1.75e-01
ValueError: invalid literal for int() with base 0: ''
ValueError: invalid literal for int() with base 0: ''
board=m2 recal RX_EN_EQA=1 RX_EQA_LOCKED=1 RX_CDR_LOCKED=1 TX_CALIB_DONE=1 RX_CALIB_DONE=1 wait_s=0.13
board=gs recal RX_EN_EQA=1 RX_EQA_LOCKED=1 RX_CDR_LOCKED=1 TX_CALIB_DONE=1 RX_CALIB_DONE=1 wait_s=0.13
HEALTH board=m2 e2_g0_p24 r1 problems=PLL_BISC_TIMER_DONE=0,PLL_BISC_CP_VALID=0,RX_CDR_LOCKED=0 freq_acc=[0, 0, 0] span=0
HEALTH board=gs e2_g0_p24 r1 problems=PLL_BISC_TIMER_DONE=0,PLL_BISC_CP_VALID=0,RX_CDR_LOCKED=0 freq_acc=[0, 0, 0] span=0
== e2_g0_p24 r1: gs->m2 1.11e-01  m2->gs 2.10e-01
board=gs set RX_AFE_GAIN=0 RX_AFE_PEAK=16
board=m2 set RX_AFE_GAIN=0 RX_AFE_PEAK=16
board=m2 recal RX_EN_EQA=1 RX_EQA_LOCKED=1 RX_CDR_LOCKED=1 TX_CALIB_DONE=1 RX_CALIB_DONE=1 wait_s=0.13
board=gs recal RX_EN_EQA=1 RX_EQA_LOCKED=1 RX_CDR_LOCKED=1 TX_CALIB_DONE=1 RX_CALIB_DONE=1 wait_s=0.13
HEALTH board=m2 e2_g0_p16 r1 problems=PLL_BISC_TIMER_DONE=0,PLL_BISC_CP_VALID=0,RX_CDR_LOCKED=0 freq_acc=[0, 0, 0] span=0
HEALTH board=gs e2_g0_p16 r1 problems=PLL_BISC_TIMER_DONE=0,PLL_BISC_CP_VALID=0,RX_CDR_LOCKED=0 freq_acc=[0, 0, 0] span=0
== e2_g0_p16 r1: gs->m2 1.02e-01  m2->gs 1.76e-01
ValueError: invalid literal for int() with base 0: ''
ValueError: invalid literal for int() with base 0: ''
board=m2 recal RX_EN_EQA=1 RX_EQA_LOCKED=1 RX_CDR_LOCKED=1 TX_CALIB_DONE=1 RX_CALIB_DONE=1 wait_s=0.13
board=gs recal RX_EN_EQA=1 RX_EQA_LOCKED=1 RX_CDR_LOCKED=1 TX_CALIB_DONE=1 RX_CALIB_DONE=1 wait_s=0.36
HEALTH board=m2 e2_g0_p16 r1 problems=PLL_BISC_TIMER_DONE=0,PLL_BISC_CP_VALID=0,RX_CDR_LOCKED=0 freq_acc=[0, 0, 0] span=0
HEALTH board=gs e2_g0_p16 r1 problems=PLL_BISC_TIMER_DONE=0,PLL_BISC_CP_VALID=0 freq_acc=[0, 0, 0] span=0
== e2_g0_p16 r1: gs->m2 1.41e-01  m2->gs 9.98e-02
board=gs set RX_AFE_GAIN=0 RX_AFE_PEAK=12
board=m2 set RX_AFE_GAIN=0 RX_AFE_PEAK=12
board=m2 recal RX_EN_EQA=1 RX_EQA_LOCKED=1 RX_CDR_LOCKED=1 TX_CALIB_DONE=1 RX_CALIB_DONE=1 wait_s=0.51
board=gs recal RX_EN_EQA=1 RX_EQA_LOCKED=1 RX_CDR_LOCKED=1 TX_CALIB_DONE=1 RX_CALIB_DONE=1 wait_s=1.31
HEALTH board=m2 e2_g0_p12 r1 problems=PLL_BISC_TIMER_DONE=0,PLL_BISC_CP_VALID=0,RX_CDR_LOCKED=0 freq_acc=[0, 0, 0] span=0
HEALTH board=gs e2_g0_p12 r1 problems=PLL_BISC_TIMER_DONE=0,PLL_BISC_CP_VALID=0,RX_CDR_LOCKED=0 freq_acc=[0, 0, 0] span=0
== e2_g0_p12 r1: gs->m2 5.11e-02  m2->gs 3.03e-02
ValueError: invalid literal for int() with base 0: ''
ValueError: invalid literal for int() with base 0: ''
board=m2 recal RX_EN_EQA=1 RX_EQA_LOCKED=1 RX_CDR_LOCKED=1 TX_CALIB_DONE=1 RX_CALIB_DONE=1 wait_s=0.13
board=gs recal RX_EN_EQA=1 RX_EQA_LOCKED=1 RX_CDR_LOCKED=1 TX_CALIB_DONE=1 RX_CALIB_DONE=1 wait_s=0.13
HEALTH board=m2 e2_g0_p12 r1 problems=PLL_BISC_TIMER_DONE=0,PLL_BISC_CP_VALID=0,RX_CDR_LOCKED=0 freq_acc=[0, 0, 0] span=0
HEALTH board=gs e2_g0_p12 r1 problems=PLL_BISC_TIMER_DONE=0,PLL_BISC_CP_VALID=0,RX_CDR_LOCKED=0 freq_acc=[0, 0, 0] span=0
== e2_g0_p12 r1: gs->m2 1.57e+00  m2->gs 2.32e-01
board=gs set RX_AFE_GAIN=0 RX_AFE_PEAK=8
board=m2 set RX_AFE_GAIN=0 RX_AFE_PEAK=8
board=m2 recal RX_EN_EQA=1 RX_EQA_LOCKED=1 RX_CDR_LOCKED=1 TX_CALIB_DONE=1 RX_CALIB_DONE=1 wait_s=1.86
board=gs recal RX_EN_EQA=1 RX_EQA_LOCKED=1 RX_CDR_LOCKED=1 TX_CALIB_DONE=1 RX_CALIB_DONE=1 wait_s=1.92
HEALTH board=m2 e2_g0_p8 r1 problems=PLL_BISC_TIMER_DONE=0,PLL_BISC_CP_VALID=0,RX_CDR_LOCKED=0 freq_acc=[0, 0, 0] span=0
HEALTH board=gs e2_g0_p8 r1 problems=PLL_BISC_TIMER_DONE=0,PLL_BISC_CP_VALID=0,RX_CDR_LOCKED=0 freq_acc=[0, 0, 0] span=0
