== seeds 5G 01:53:56
HEALTH board=m2 sd5_gs7_m22 r1 problems=PLL_BISC_TIMER_DONE=0,PLL_BISC_CP_VALID=0,RX_CDR_LOCKED=0 freq_acc=[0, 0, 0] span=0
HEALTH board=gs sd5_gs7_m22 r1 problems=PLL_BISC_TIMER_DONE=0,PLL_BISC_CP_VALID=0 freq_acc=[0, 0, 0] span=0
== sd5_gs7_m22 r1: gs->m2 1.03e-01  m2->gs 1.92e-01
ABRUN DONE 01:55:22
HEALTH board=m2 sd5_gs7_m23 r1 problems=PLL_BISC_TIMER_DONE=0,PLL_BISC_CP_VALID=0,RX_CDR_LOCKED=0 freq_acc=[0, 0, 0] span=0
HEALTH board=gs sd5_gs7_m23 r1 problems=PLL_BISC_TIMER_DONE=0,PLL_BISC_CP_VALID=0,RX_CDR_LOCKED=0 freq_acc=[0, 0, 0] span=0
== sd5_gs7_m23 r1: gs->m2 3.97e-02  m2->gs 2.61e-02
ABRUN DONE 01:56:46
HEALTH board=m2 sd5_gs7_m24 r1 problems=PLL_BISC_TIMER_DONE=0,PLL_BISC_CP_VALID=0 freq_acc=[0, 0, 0] span=0
HEALTH board=gs sd5_gs7_m24 r1 problems=PLL_BISC_TIMER_DONE=0,PLL_BISC_CP_VALID=0,RX_CDR_LOCKED=0 freq_acc=[0, 0, 0] span=0
== sd5_gs7_m24 r1: gs->m2 1.30e-01  m2->gs 2.02e-01
ABRUN DONE 01:58:08
HEALTH board=m2 sd5_gs7_m25 r1 problems=PLL_BISC_TIMER_DONE=0,PLL_BISC_CP_VALID=0,RX_CDR_LOCKED=0 freq_acc=[0, 0, 0] span=0
HEALTH board=gs sd5_gs7_m25 r1 problems=PLL_BISC_TIMER_DONE=0,PLL_BISC_CP_VALID=0,RX_CDR_LOCKED=0 freq_acc=[0, 0, 0] span=0
== sd5_gs7_m25 r1: gs->m2 1.54e-01  m2->gs 1.95e-01
ABRUN DONE 01:59:34
HEALTH board=m2 sd5_gs2_m21 r1 problems=PLL_BISC_TIMER_DONE=0,PLL_BISC_CP_VALID=0,RX_CDR_LOCKED=0 freq_acc=[0, 0, 0] span=0
HEALTH board=gs sd5_gs2_m21 r1 problems=PLL_BISC_TIMER_DONE=0,PLL_BISC_CP_VALID=0,RX_CDR_LOCKED=0 freq_acc=[0, 0, 0] span=0
== sd5_gs2_m21 r1: gs->m2 1.13e-01  m2->gs 2.00e-01
ABRUN DONE 02:00:58
HEALTH board=m2 sd5_gs3_m21 r1 problems=PLL_BISC_TIMER_DONE=0,PLL_BISC_CP_VALID=0,RX_CDR_LOCKED=0 freq_acc=[0, 0, 0] span=0
HEALTH board=gs sd5_gs3_m21 r1 problems=PLL_BISC_TIMER_DONE=0,PLL_BISC_CP_VALID=0,RX_CDR_LOCKED=0 freq_acc=[0, 0, 0] span=0
== sd5_gs3_m21 r1: gs->m2 1.21e-01  m2->gs 1.91e-01
ABRUN DONE 02:02:25
HEALTH board=m2 sd5_gs4_m21 r1 problems=PLL_BISC_TIMER_DONE=0,PLL_BISC_CP_VALID=0,RX_CDR_LOCKED=0 freq_acc=[0, 0, 0] span=0
HEALTH board=gs sd5_gs4_m21 r1 problems=PLL_BISC_TIMER_DONE=0,PLL_BISC_CP_VALID=0,RX_CDR_LOCKED=0 freq_acc=[0, 0, 0] span=0
== sd5_gs4_m21 r1: gs->m2 1.20e-01  m2->gs 3.99e-02
ABRUN DONE 02:03:48
HEALTH board=m2 x5_clkdir r1 problems=PLL_BISC_TIMER_DONE=0,PLL_BISC_CP_VALID=0,RX_CDR_LOCKED=0 freq_acc=[0, 0, 0] span=0
HEALTH board=gs x5_clkdir r1 problems=PLL_BISC_TIMER_DONE=0,PLL_BISC_CP_VALID=0,RX_CDR_LOCKED=0 freq_acc=[0, 0, 0] span=0
== x5_clkdir r1: gs->m2 1.16e-01  m2->gs 2.16e-01
ABRUN DONE 02:05:11
== E4 CDR 02:05:11
board=gs set RX_AFE_GAIN=0 RX_AFE_PEAK=12 RX_CDR_CKP=248 RX_CDR_TRANS_TH=8
board=m2 set RX_AFE_GAIN=0 RX_AFE_PEAK=12 RX_CDR_CKP=248 RX_CDR_TRANS_TH=8
board=m2 recal RX_EN_EQA=1 RX_EQA_LOCKED=1 RX_CDR_LOCKED=1 TX_CALIB_DONE=1 RX_CALIB_DONE=1 wait_s=0.23
board=gs recal RX_EN_EQA=1 RX_EQA_LOCKED=1 RX_CDR_LOCKED=1 TX_CALIB_DONE=1 RX_CALIB_DONE=1 wait_s=0.13
HEALTH board=m2 e4_ckpF8_tt8 r1 problems=PLL_BISC_TIMER_DONE=0,PLL_BISC_CP_VALID=0,RX_CDR_LOCKED=0 freq_acc=[0, 0, 0] span=0
HEALTH board=gs e4_ckpF8_tt8 r1 problems=PLL_BISC_TIMER_DONE=0,PLL_BISC_CP_VALID=0 freq_acc=[0, 0, 0] span=0
== e4_ckpF8_tt8 r1: gs->m2 4.62e-02  m2->gs 1.85e-02
board=gs set RX_AFE_GAIN=0 RX_AFE_PEAK=12 RX_CDR_CKP=248 RX_CDR_TRANS_TH=16
board=m2 set RX_AFE_GAIN=0 RX_AFE_PEAK=12 RX_CDR_CKP=248 RX_CDR_TRANS_TH=16
board=m2 recal RX_EN_EQA=1 RX_EQA_LOCKED=1 RX_CDR_LOCKED=1 TX_CALIB_DONE=1 RX_CALIB_DONE=1 wait_s=0.21
board=gs recal RX_EN_EQA=1 RX_EQA_LOCKED=1 RX_CDR_LOCKED=1 TX_CALIB_DONE=1 RX_CALIB_DONE=1 wait_s=0.13
HEALTH board=m2 e4_ckpF8_tt16 r1 problems=PLL_BISC_TIMER_DONE=0,PLL_BISC_CP_VALID=0 freq_acc=[0, 0, 0] span=0
HEALTH board=gs e4_ckpF8_tt16 r1 problems=PLL_BISC_TIMER_DONE=0,PLL_BISC_CP_VALID=0 freq_acc=[0, 0, 0] span=0
== e4_ckpF8_tt16 r1: gs->m2 5.57e-02  m2->gs 2.64e-02
board=gs set RX_AFE_GAIN=0 RX_AFE_PEAK=12 RX_CDR_CKP=248 RX_CDR_TRANS_TH=32
board=m2 set RX_AFE_GAIN=0 RX_AFE_PEAK=12 RX_CDR_CKP=248 RX_CDR_TRANS_TH=32
board=m2 recal RX_EN_EQA=1 RX_EQA_LOCKED=1 RX_CDR_LOCKED=1 TX_CALIB_DONE=1 RX_CALIB_DONE=1 wait_s=0.13
board=gs recal RX_EN_EQA=1 RX_EQA_LOCKED=1 RX_CDR_LOCKED=1 TX_CALIB_DONE=1 RX_CALIB_DONE=1 wait_s=0.24
HEALTH board=m2 e4_ckpF8_tt32 r1 problems=PLL_BISC_TIMER_DONE=0,PLL_BISC_CP_VALID=0 freq_acc=[0, 0, 0] span=0
HEALTH board=gs e4_ckpF8_tt32 r1 problems=PLL_BISC_TIMER_DONE=0,PLL_BISC_CP_VALID=0 freq_acc=[0, 0, 0] span=0
== e4_ckpF8_tt32 r1: gs->m2 5.07e-02  m2->gs 2.72e-02
board=gs set RX_AFE_GAIN=0 RX_AFE_PEAK=12 RX_CDR_CKP=126 RX_CDR_TRANS_TH=8
board=m2 set RX_AFE_GAIN=0 RX_AFE_PEAK=12 RX_CDR_CKP=126 RX_CDR_TRANS_TH=8
board=m2 recal RX_EN_EQA=1 RX_EQA_LOCKED=1 RX_CDR_LOCKED=1 TX_CALIB_DONE=1 RX_CALIB_DONE=1 wait_s=0.59
board=gs recal RX_EN_EQA=1 RX_EQA_LOCKED=1 RX_CDR_LOCKED=1 TX_CALIB_DONE=1 RX_CALIB_DONE=1 wait_s=0.13
HEALTH board=m2 e4_ckp7E_tt8 r1 problems=PLL_BISC_TIMER_DONE=0,PLL_BISC_CP_VALID=0 freq_acc=[0, 0, 0] span=0
HEALTH board=gs e4_ckp7E_tt8 r1 problems=PLL_BISC_TIMER_DONE=0,PLL_BISC_CP_VALID=0,RX_CDR_LOCKED=0 freq_acc=[0, 0, 0] span=0
== e4_ckp7E_tt8 r1: gs->m2 3.98e-02  m2->gs 2.86e-02
board=gs set RX_AFE_GAIN=0 RX_AFE_PEAK=12 RX_CDR_CKP=126 RX_CDR_TRANS_TH=16
board=m2 set RX_AFE_GAIN=0 RX_AFE_PEAK=12 RX_CDR_CKP=126 RX_CDR_TRANS_TH=16
board=m2 recal RX_EN_EQA=1 RX_EQA_LOCKED=1 RX_CDR_LOCKED=1 TX_CALIB_DONE=1 RX_CALIB_DONE=1 wait_s=0.52
board=gs recal RX_EN_EQA=1 RX_EQA_LOCKED=1 RX_CDR_LOCKED=1 TX_CALIB_DONE=1 RX_CALIB_DONE=1 wait_s=0.18
HEALTH board=m2 e4_ckp7E_tt16 r1 problems=PLL_BISC_TIMER_DONE=0,PLL_BISC_CP_VALID=0 freq_acc=[0, 0, 0] span=0
HEALTH board=gs e4_ckp7E_tt16 r1 problems=PLL_BISC_TIMER_DONE=0,PLL_BISC_CP_VALID=0 freq_acc=[0, 0, 0] span=0
== e4_ckp7E_tt16 r1: gs->m2 6.53e-02  m2->gs 5.43e-02
board=gs set RX_AFE_GAIN=0 RX_AFE_PEAK=12 RX_CDR_CKP=126 RX_CDR_TRANS_TH=32
board=m2 set RX_AFE_GAIN=0 RX_AFE_PEAK=12 RX_CDR_CKP=126 RX_CDR_TRANS_TH=32
board=m2 recal RX_EN_EQA=1 RX_EQA_LOCKED=1 RX_CDR_LOCKED=1 TX_CALIB_DONE=1 RX_CALIB_DONE=1 wait_s=0.56
board=gs recal RX_EN_EQA=1 RX_EQA_LOCKED=1 RX_CDR_LOCKED=1 TX_CALIB_DONE=1 RX_CALIB_DONE=1 wait_s=0.58
HEALTH board=m2 e4_ckp7E_tt32 r1 problems=PLL_BISC_TIMER_DONE=0,PLL_BISC_CP_VALID=0 freq_acc=[0, 0, 0] span=0
HEALTH board=gs e4_ckp7E_tt32 r1 problems=PLL_BISC_TIMER_DONE=0,PLL_BISC_CP_VALID=0,RX_CDR_LOCKED=0 freq_acc=[0, 0, 0] span=0
== e4_ckp7E_tt32 r1: gs->m2 5.07e-02  m2->gs 3.64e-02
board=gs set RX_AFE_GAIN=0 RX_AFE_PEAK=12 RX_CDR_CKP=62 RX_CDR_TRANS_TH=8
board=m2 set RX_AFE_GAIN=0 RX_AFE_PEAK=12 RX_CDR_CKP=62 RX_CDR_TRANS_TH=8
board=m2 recal RX_EN_EQA=1 RX_EQA_LOCKED=1 RX_CDR_LOCKED=1 TX_CALIB_DONE=1 RX_CALIB_DONE=1 wait_s=0.21
board=gs recal RX_EN_EQA=1 RX_EQA_LOCKED=1 RX_CDR_LOCKED=1 TX_CALIB_DONE=1 RX_CALIB_DONE=1 wait_s=0.36
HEALTH board=m2 e4_ckp3E_tt8 r1 problems=PLL_BISC_TIMER_DONE=0,PLL_BISC_CP_VALID=0,RX_CDR_LOCKED=0 freq_acc=[0, 0, 0] span=0
HEALTH board=gs e4_ckp3E_tt8 r1 problems=PLL_BISC_TIMER_DONE=0,PLL_BISC_CP_VALID=0,RX_CDR_LOCKED=0 freq_acc=[0, 0, 0] span=0
== e4_ckp3E_tt8 r1: gs->m2 5.64e-02  m2->gs 3.32e-02
board=gs set RX_AFE_GAIN=0 RX_AFE_PEAK=12 RX_CDR_CKP=62 RX_CDR_TRANS_TH=16
board=m2 set RX_AFE_GAIN=0 RX_AFE_PEAK=12 RX_CDR_CKP=62 RX_CDR_TRANS_TH=16
board=m2 recal RX_EN_EQA=1 RX_EQA_LOCKED=1 RX_CDR_LOCKED=1 TX_CALIB_DONE=1 RX_CALIB_DONE=1 wait_s=0.55
board=gs recal RX_EN_EQA=1 RX_EQA_LOCKED=1 RX_CDR_LOCKED=1 TX_CALIB_DONE=1 RX_CALIB_DONE=1 wait_s=0.13
HEALTH board=m2 e4_ckp3E_tt16 r1 problems=PLL_BISC_TIMER_DONE=0,PLL_BISC_CP_VALID=0,RX_CDR_LOCKED=0 freq_acc=[0, 0, 0] span=0
HEALTH board=gs e4_ckp3E_tt16 r1 problems=PLL_BISC_TIMER_DONE=0,PLL_BISC_CP_VALID=0,RX_CDR_LOCKED=0 freq_acc=[0, 0, 0] span=0
== e4_ckp3E_tt16 r1: gs->m2 8.30e-02  m2->gs 3.59e-02
board=gs set RX_AFE_GAIN=0 RX_AFE_PEAK=12 RX_CDR_CKP=62 RX_CDR_TRANS_TH=32
board=m2 set RX_AFE_GAIN=0 RX_AFE_PEAK=12 RX_CDR_CKP=62 RX_CDR_TRANS_TH=32
board=m2 recal RX_EN_EQA=1 RX_EQA_LOCKED=1 RX_CDR_LOCKED=1 TX_CALIB_DONE=1 RX_CALIB_DONE=1 wait_s=0.62
board=gs recal RX_EN_EQA=1 RX_EQA_LOCKED=1 RX_CDR_LOCKED=1 TX_CALIB_DONE=1 RX_CALIB_DONE=1 wait_s=1.23
HEALTH board=m2 e4_ckp3E_tt32 r1 problems=PLL_BISC_TIMER_DONE=0,PLL_BISC_CP_VALID=0,RX_CDR_LOCKED=0 freq_acc=[0, 0, 0] span=0
HEALTH board=gs e4_ckp3E_tt32 r1 problems=PLL_BISC_TIMER_DONE=0,PLL_BISC_CP_VALID=0,RX_CDR_LOCKED=0 freq_acc=[0, 0, 0] span=0
== e4_ckp3E_tt32 r1: gs->m2 5.34e-02  m2->gs 3.35e-02
board=gs set RX_AFE_GAIN=0 RX_AFE_PEAK=12 RX_CDR_CKP=30 RX_CDR_TRANS_TH=8
board=m2 set RX_AFE_GAIN=0 RX_AFE_PEAK=12 RX_CDR_CKP=30 RX_CDR_TRANS_TH=8
board=m2 recal RX_EN_EQA=1 RX_EQA_LOCKED=1 RX_CDR_LOCKED=1 TX_CALIB_DONE=1 RX_CALIB_DONE=1 wait_s=1.47
board=gs recal RX_EN_EQA=1 RX_EQA_LOCKED=1 RX_CDR_LOCKED=1 TX_CALIB_DONE=1 RX_CALIB_DONE=1 wait_s=1.75
HEALTH board=m2 e4_ckp1E_tt8 r1 problems=PLL_BISC_TIMER_DONE=0,PLL_BISC_CP_VALID=0,RX_CDR_LOCKED=0 freq_acc=[0, 0, 0] span=0
HEALTH board=gs e4_ckp1E_tt8 r1 problems=PLL_BISC_TIMER_DONE=0,PLL_BISC_CP_VALID=0,RX_CDR_LOCKED=0 freq_acc=[0, 0, 0] span=0
== e4_ckp1E_tt8 r1: gs->m2 5.50e-02  m2->gs 3.34e-02
board=gs set RX_AFE_GAIN=0 RX_AFE_PEAK=12 RX_CDR_CKP=30 RX_CDR_TRANS_TH=16
board=m2 set RX_AFE_GAIN=0 RX_AFE_PEAK=12 RX_CDR_CKP=30 RX_CDR_TRANS_TH=16
board=m2 recal RX_EN_EQA=1 RX_EQA_LOCKED=1 RX_CDR_LOCKED=1 TX_CALIB_DONE=1 RX_CALIB_DONE=1 wait_s=0.37
board=gs recal RX_EN_EQA=1 RX_EQA_LOCKED=1 RX_CDR_LOCKED=1 TX_CALIB_DONE=1 RX_CALIB_DONE=1 wait_s=0.57
HEALTH board=m2 e4_ckp1E_tt16 r1 problems=PLL_BISC_TIMER_DONE=0,PLL_BISC_CP_VALID=0 freq_acc=[0, 0, 0] span=0
HEALTH board=gs e4_ckp1E_tt16 r1 problems=PLL_BISC_TIMER_DONE=0,PLL_BISC_CP_VALID=0,RX_CDR_LOCKED=0 freq_acc=[0, 0, 0] span=0
== e4_ckp1E_tt16 r1: gs->m2 2.50e-02  m2->gs 2.65e-02
board=gs set RX_AFE_GAIN=0 RX_AFE_PEAK=12 RX_CDR_CKP=30 RX_CDR_TRANS_TH=32
board=m2 set RX_AFE_GAIN=0 RX_AFE_PEAK=12 RX_CDR_CKP=30 RX_CDR_TRANS_TH=32
board=m2 recal RX_EN_EQA=1 RX_EQA_LOCKED=1 RX_CDR_LOCKED=1 TX_CALIB_DONE=1 RX_CALIB_DONE=1 wait_s=0.38
board=gs recal RX_EN_EQA=1 RX_EQA_LOCKED=1 RX_CDR_LOCKED=1 TX_CALIB_DONE=1 RX_CALIB_DONE=1 wait_s=0.23
HEALTH board=m2 e4_ckp1E_tt32 r1 problems=PLL_BISC_TIMER_DONE=0,PLL_BISC_CP_VALID=0,RX_CDR_LOCKED=0 freq_acc=[0, 0, 0] span=0
HEALTH board=gs e4_ckp1E_tt32 r1 problems=PLL_BISC_TIMER_DONE=0,PLL_BISC_CP_VALID=0,RX_CDR_LOCKED=0 freq_acc=[0, 0, 0] span=0
== e4_ckp1E_tt32 r1: gs->m2 4.70e-02  m2->gs 3.34e-02
ABRUN DONE 02:29:31
== E3 TX FFE 02:29:31
board=gs set RX_AFE_GAIN=0 RX_AFE_PEAK=12 TX_BRANCH_EN_PRE=0 TX_BRANCH_EN_POST=31 TX_DC_ENABLE=47 TX_SEL_PRE=0 TX_SEL_POST=0
board=m2 set RX_AFE_GAIN=0 RX_AFE_PEAK=12 TX_BRANCH_EN_PRE=0 TX_BRANCH_EN_POST=31 TX_DC_ENABLE=47 TX_SEL_PRE=0 TX_SEL_POST=0
board=m2 recal RX_EN_EQA=1 RX_EQA_LOCKED=1 RX_CDR_LOCKED=1 TX_CALIB_DONE=1 RX_CALIB_DONE=1 wait_s=0.13
board=gs recal RX_EN_EQA=1 RX_EQA_LOCKED=1 RX_CDR_LOCKED=1 TX_CALIB_DONE=1 RX_CALIB_DONE=1 wait_s=0.41
HEALTH board=m2 e3_post0 r1 problems=PLL_BISC_TIMER_DONE=0,PLL_BISC_CP_VALID=0,RX_CDR_LOCKED=0 freq_acc=[0, 0, 0] span=0
HEALTH board=gs e3_post0 r1 problems=PLL_BISC_TIMER_DONE=0,PLL_BISC_CP_VALID=0,RX_CDR_LOCKED=0 freq_acc=[0, 0, 0] span=0
== e3_post0 r1: gs->m2 4.44e-02  m2->gs 4.24e-02
board=gs set RX_AFE_GAIN=0 RX_AFE_PEAK=12 TX_BRANCH_EN_PRE=0 TX_BRANCH_EN_POST=31 TX_DC_ENABLE=47 TX_SEL_PRE=0 TX_SEL_POST=6
board=m2 set RX_AFE_GAIN=0 RX_AFE_PEAK=12 TX_BRANCH_EN_PRE=0 TX_BRANCH_EN_POST=31 TX_DC_ENABLE=47 TX_SEL_PRE=0 TX_SEL_POST=6
board=m2 recal RX_EN_EQA=1 RX_EQA_LOCKED=1 RX_CDR_LOCKED=1 TX_CALIB_DONE=1 RX_CALIB_DONE=1 wait_s=0.13
board=gs recal RX_EN_EQA=1 RX_EQA_LOCKED=1 RX_CDR_LOCKED=1 TX_CALIB_DONE=1 RX_CALIB_DONE=1 wait_s=0.13
HEALTH board=m2 e3_post6 r1 problems=PLL_BISC_TIMER_DONE=0,PLL_BISC_CP_VALID=0 freq_acc=[0, 0, 0] span=0
HEALTH board=gs e3_post6 r1 problems=PLL_BISC_TIMER_DONE=0,PLL_BISC_CP_VALID=0,RX_CDR_LOCKED=0 freq_acc=[0, 0, 0] span=0
== e3_post6 r1: gs->m2 7.65e-02  m2->gs 2.31e-02
board=gs set RX_AFE_GAIN=0 RX_AFE_PEAK=12 TX_BRANCH_EN_PRE=0 TX_BRANCH_EN_POST=31 TX_DC_ENABLE=47 TX_SEL_PRE=0 TX_SEL_POST=12
board=m2 set RX_AFE_GAIN=0 RX_AFE_PEAK=12 TX_BRANCH_EN_PRE=0 TX_BRANCH_EN_POST=31 TX_DC_ENABLE=47 TX_SEL_PRE=0 TX_SEL_POST=12
board=m2 recal RX_EN_EQA=1 RX_EQA_LOCKED=1 RX_CDR_LOCKED=1 TX_CALIB_DONE=1 RX_CALIB_DONE=1 wait_s=0.13
board=gs recal RX_EN_EQA=1 RX_EQA_LOCKED=1 RX_CDR_LOCKED=1 TX_CALIB_DONE=1 RX_CALIB_DONE=1 wait_s=0.88
HEALTH board=m2 e3_post12 r1 problems=PLL_BISC_TIMER_DONE=0,PLL_BISC_CP_VALID=0,RX_CDR_LOCKED=0 freq_acc=[0, 0, 0] span=0
HEALTH board=gs e3_post12 r1 problems=PLL_BISC_TIMER_DONE=0,PLL_BISC_CP_VALID=0 freq_acc=[0, 0, 0] span=0
== e3_post12 r1: gs->m2 5.42e-02  m2->gs 1.58e-02
board=gs set RX_AFE_GAIN=0 RX_AFE_PEAK=12 TX_BRANCH_EN_PRE=0 TX_BRANCH_EN_POST=31 TX_DC_ENABLE=47 TX_SEL_PRE=0 TX_SEL_POST=17
board=m2 set RX_AFE_GAIN=0 RX_AFE_PEAK=12 TX_BRANCH_EN_PRE=0 TX_BRANCH_EN_POST=31 TX_DC_ENABLE=47 TX_SEL_PRE=0 TX_SEL_POST=17
board=m2 recal RX_EN_EQA=1 RX_EQA_LOCKED=1 RX_CDR_LOCKED=1 TX_CALIB_DONE=1 RX_CALIB_DONE=1 wait_s=0.21
board=gs recal RX_EN_EQA=1 RX_EQA_LOCKED=1 RX_CDR_LOCKED=1 TX_CALIB_DONE=1 RX_CALIB_DONE=1 wait_s=0.13
HEALTH board=m2 e3_post17 r1 problems=PLL_BISC_TIMER_DONE=0,PLL_BISC_CP_VALID=0 freq_acc=[0, 0, 0] span=0
HEALTH board=gs e3_post17 r1 problems=PLL_BISC_TIMER_DONE=0,PLL_BISC_CP_VALID=0,RX_CDR_LOCKED=0 freq_acc=[0, 0, 0] span=0
== e3_post17 r1: gs->m2 9.66e-02  m2->gs 4.58e-02
board=gs set RX_AFE_GAIN=0 RX_AFE_PEAK=12 TX_BRANCH_EN_PRE=0 TX_BRANCH_EN_POST=31 TX_DC_ENABLE=47 TX_SEL_PRE=0 TX_SEL_POST=20
board=m2 set RX_AFE_GAIN=0 RX_AFE_PEAK=12 TX_BRANCH_EN_PRE=0 TX_BRANCH_EN_POST=31 TX_DC_ENABLE=47 TX_SEL_PRE=0 TX_SEL_POST=20
board=m2 recal RX_EN_EQA=1 RX_EQA_LOCKED=1 RX_CDR_LOCKED=1 TX_CALIB_DONE=1 RX_CALIB_DONE=1 wait_s=0.21
board=gs recal RX_EN_EQA=1 RX_EQA_LOCKED=1 RX_CDR_LOCKED=1 TX_CALIB_DONE=1 RX_CALIB_DONE=1 wait_s=0.36
HEALTH board=m2 e3_post20 r1 problems=PLL_BISC_TIMER_DONE=0,PLL_BISC_CP_VALID=0,RX_CDR_LOCKED=0 freq_acc=[0, 0, 0] span=0
HEALTH board=gs e3_post20 r1 problems=PLL_BISC_TIMER_DONE=0,PLL_BISC_CP_VALID=0,RX_CDR_LOCKED=0 freq_acc=[0, 0, 0] span=0
== e3_post20 r1: gs->m2 1.09e-01  m2->gs 5.55e-02
board=gs set RX_AFE_GAIN=0 RX_AFE_PEAK=12 TX_BRANCH_EN_PRE=12 TX_BRANCH_EN_POST=31 TX_DC_ENABLE=53 TX_SEL_PRE=2 TX_SEL_POST=12
board=m2 set RX_AFE_GAIN=0 RX_AFE_PEAK=12 TX_BRANCH_EN_PRE=12 TX_BRANCH_EN_POST=31 TX_DC_ENABLE=53 TX_SEL_PRE=2 TX_SEL_POST=12
board=m2 recal RX_EN_EQA=1 RX_EQA_LOCKED=1 RX_CDR_LOCKED=1 TX_CALIB_DONE=1 RX_CALIB_DONE=1 wait_s=0.22
board=gs recal RX_EN_EQA=1 RX_EQA_LOCKED=1 RX_CDR_LOCKED=1 TX_CALIB_DONE=1 RX_CALIB_DONE=1 wait_s=0.95
HEALTH board=m2 e3_pre2_post12 r1 problems=PLL_BISC_TIMER_DONE=0,PLL_BISC_CP_VALID=0,RX_CDR_LOCKED=0 freq_acc=[0, 0, 0] span=0
HEALTH board=gs e3_pre2_post12 r1 problems=PLL_BISC_TIMER_DONE=0,PLL_BISC_CP_VALID=0,RX_CDR_LOCKED=0 freq_acc=[0, 0, 0] span=0
== e3_pre2_post12 r1: gs->m2 6.33e-02  m2->gs 2.25e-02
board=gs set RX_AFE_GAIN=0 RX_AFE_PEAK=12 TX_BRANCH_EN_PRE=12 TX_BRANCH_EN_POST=31 TX_DC_ENABLE=53 TX_SEL_PRE=5 TX_SEL_POST=12
board=m2 set RX_AFE_GAIN=0 RX_AFE_PEAK=12 TX_BRANCH_EN_PRE=12 TX_BRANCH_EN_POST=31 TX_DC_ENABLE=53 TX_SEL_PRE=5 TX_SEL_POST=12
board=m2 recal RX_EN_EQA=1 RX_EQA_LOCKED=1 RX_CDR_LOCKED=1 TX_CALIB_DONE=1 RX_CALIB_DONE=1 wait_s=1.25
board=gs recal RX_EN_EQA=1 RX_EQA_LOCKED=1 RX_CDR_LOCKED=1 TX_CALIB_DONE=1 RX_CALIB_DONE=1 wait_s=0.2
HEALTH board=m2 e3_pre5_post12 r1 problems=PLL_BISC_TIMER_DONE=0,PLL_BISC_CP_VALID=0,RX_CDR_LOCKED=0 freq_acc=[0, 0, 0] span=0
HEALTH board=gs e3_pre5_post12 r1 problems=PLL_BISC_TIMER_DONE=0,PLL_BISC_CP_VALID=0,RX_CDR_LOCKED=0 freq_acc=[0, 0, 0] span=0
== e3_pre5_post12 r1: gs->m2 7.42e-02  m2->gs 2.60e-02
board=gs set RX_AFE_GAIN=0 RX_AFE_PEAK=12 TX_AMP=20
board=m2 set RX_AFE_GAIN=0 RX_AFE_PEAK=12 TX_AMP=20
board=m2 recal RX_EN_EQA=1 RX_EQA_LOCKED=1 RX_CDR_LOCKED=1 TX_CALIB_DONE=1 RX_CALIB_DONE=1 wait_s=0.51
board=gs recal RX_EN_EQA=1 RX_EQA_LOCKED=1 RX_CDR_LOCKED=1 TX_CALIB_DONE=1 RX_CALIB_DONE=1 wait_s=0.98
HEALTH board=m2 e3_amp20 r1 problems=PLL_BISC_TIMER_DONE=0,PLL_BISC_CP_VALID=0,RX_CDR_LOCKED=0 freq_acc=[0, 0, 0] span=0
HEALTH board=gs e3_amp20 r1 problems=PLL_BISC_TIMER_DONE=0,PLL_BISC_CP_VALID=0,RX_CDR_LOCKED=0 freq_acc=[0, 0, 0] span=0
== e3_amp20 r1: gs->m2 5.60e-02  m2->gs 3.86e-02
board=gs set RX_AFE_GAIN=0 RX_AFE_PEAK=12 TX_AMP=24
board=m2 set RX_AFE_GAIN=0 RX_AFE_PEAK=12 TX_AMP=24
board=m2 recal RX_EN_EQA=1 RX_EQA_LOCKED=1 RX_CDR_LOCKED=1 TX_CALIB_DONE=1 RX_CALIB_DONE=1 wait_s=0.23
board=gs recal RX_EN_EQA=1 RX_EQA_LOCKED=1 RX_CDR_LOCKED=1 TX_CALIB_DONE=1 RX_CALIB_DONE=1 wait_s=0.4
HEALTH board=m2 e3_amp24 r1 problems=PLL_BISC_TIMER_DONE=0,PLL_BISC_CP_VALID=0,RX_CDR_LOCKED=0 freq_acc=[0, 0, 0] span=0
HEALTH board=gs e3_amp24 r1 problems=PLL_BISC_TIMER_DONE=0,PLL_BISC_CP_VALID=0,RX_CDR_LOCKED=0 freq_acc=[0, 0, 0] span=0
== e3_amp24 r1: gs->m2 5.32e-02  m2->gs 5.93e-02
board=gs set RX_AFE_GAIN=0 RX_AFE_PEAK=12 TX_AMP=28
board=m2 set RX_AFE_GAIN=0 RX_AFE_PEAK=12 TX_AMP=28
board=m2 recal RX_EN_EQA=1 RX_EQA_LOCKED=1 RX_CDR_LOCKED=1 TX_CALIB_DONE=1 RX_CALIB_DONE=1 wait_s=0.16
board=gs recal RX_EN_EQA=1 RX_EQA_LOCKED=1 RX_CDR_LOCKED=1 TX_CALIB_DONE=1 RX_CALIB_DONE=1 wait_s=0.51
HEALTH board=m2 e3_amp28 r1 problems=PLL_BISC_TIMER_DONE=0,PLL_BISC_CP_VALID=0,RX_CDR_LOCKED=0 freq_acc=[0, 0, 0] span=0
HEALTH board=gs e3_amp28 r1 problems=PLL_BISC_TIMER_DONE=0,PLL_BISC_CP_VALID=0,RX_CDR_LOCKED=0 freq_acc=[0, 0, 0] span=0
== e3_amp28 r1: gs->m2 4.48e-02  m2->gs 3.07e-02
ABRUN DONE 02:49:38
== E5 VCM 02:49:38
board=gs set RX_AFE_GAIN=0 RX_AFE_PEAK=12 RX_AFE_VCMSEL=2 RX_RTERM_VCMSEL=2
board=m2 set RX_AFE_GAIN=0 RX_AFE_PEAK=12 RX_AFE_VCMSEL=2 RX_RTERM_VCMSEL=2
board=m2 recal RX_EN_EQA=1 RX_EQA_LOCKED=1 RX_CDR_LOCKED=1 TX_CALIB_DONE=1 RX_CALIB_DONE=1 wait_s=0.17
board=gs recal RX_EN_EQA=1 RX_EQA_LOCKED=1 RX_CDR_LOCKED=1 TX_CALIB_DONE=1 RX_CALIB_DONE=1 wait_s=1.09
HEALTH board=m2 e5_vcm2 r1 problems=PLL_BISC_TIMER_DONE=0,PLL_BISC_CP_VALID=0,RX_CDR_LOCKED=0 freq_acc=[0, 0, 0] span=0
HEALTH board=gs e5_vcm2 r1 problems=PLL_BISC_TIMER_DONE=0,PLL_BISC_CP_VALID=0 freq_acc=[0, 0, 0] span=0
== e5_vcm2 r1: gs->m2 5.73e-02  m2->gs 4.44e-02
board=gs set RX_AFE_GAIN=0 RX_AFE_PEAK=12 RX_AFE_VCMSEL=4 RX_RTERM_VCMSEL=4
board=m2 set RX_AFE_GAIN=0 RX_AFE_PEAK=12 RX_AFE_VCMSEL=4 RX_RTERM_VCMSEL=4
board=m2 recal RX_EN_EQA=1 RX_EQA_LOCKED=1 RX_CDR_LOCKED=1 TX_CALIB_DONE=1 RX_CALIB_DONE=1 wait_s=0.39
board=gs recal RX_EN_EQA=1 RX_EQA_LOCKED=1 RX_CDR_LOCKED=1 TX_CALIB_DONE=1 RX_CALIB_DONE=1 wait_s=0.13
HEALTH board=m2 e5_vcm4 r1 problems=PLL_BISC_TIMER_DONE=0,PLL_BISC_CP_VALID=0,RX_CDR_LOCKED=0 freq_acc=[0, 0, 0] span=0
HEALTH board=gs e5_vcm4 r1 problems=PLL_BISC_TIMER_DONE=0,PLL_BISC_CP_VALID=0,RX_CDR_LOCKED=0 freq_acc=[0, 0, 0] span=0
== e5_vcm4 r1: gs->m2 4.84e-02  m2->gs 2.51e-02
board=gs set RX_AFE_GAIN=0 RX_AFE_PEAK=12 RX_AFE_VCMSEL=5 RX_RTERM_VCMSEL=5
board=m2 set RX_AFE_GAIN=0 RX_AFE_PEAK=12 RX_AFE_VCMSEL=5 RX_RTERM_VCMSEL=5
board=m2 recal RX_EN_EQA=1 RX_EQA_LOCKED=1 RX_CDR_LOCKED=0 TX_CALIB_DONE=1 RX_CALIB_DONE=1 wait_s=3.12
board=gs recal RX_EN_EQA=1 RX_EQA_LOCKED=1 RX_CDR_LOCKED=1 TX_CALIB_DONE=1 RX_CALIB_DONE=1 wait_s=0.63
HEALTH board=m2 e5_vcm5 r1 problems=PLL_BISC_TIMER_DONE=0,PLL_BISC_CP_VALID=0,RX_CDR_LOCKED=0 freq_acc=[0, 0, 0] span=0
HEALTH board=gs e5_vcm5 r1 problems=PLL_BISC_TIMER_DONE=0,PLL_BISC_CP_VALID=0,RX_CDR_LOCKED=0 freq_acc=[0, 0, 0] span=0
== e5_vcm5 r1: gs->m2 4.15e-02  m2->gs 2.86e-02
ABRUN DONE 02:55:44
== E6 gs PLL_REF_RTERM=0 02:55:44
board=gs set RX_AFE_GAIN=0 RX_AFE_PEAK=12
board=m2 set RX_AFE_GAIN=0 RX_AFE_PEAK=12
board=m2 recal RX_EN_EQA=1 RX_EQA_LOCKED=1 RX_CDR_LOCKED=1 TX_CALIB_DONE=1 RX_CALIB_DONE=1 wait_s=0.85
board=gs recal RX_EN_EQA=1 RX_EQA_LOCKED=1 RX_CDR_LOCKED=1 TX_CALIB_DONE=1 RX_CALIB_DONE=1 wait_s=0.58
HEALTH board=m2 e6_rterm0 r1 problems=PLL_BISC_TIMER_DONE=0,PLL_BISC_CP_VALID=0,RX_CDR_LOCKED=0 freq_acc=[0, 0, 0] span=0
HEALTH board=gs e6_rterm0 r1 problems=PLL_BISC_TIMER_DONE=0,PLL_BISC_CP_VALID=0,RX_CDR_LOCKED=0 freq_acc=[0, 0, 0] span=0
== e6_rterm0 r1: gs->m2 5.24e-02  m2->gs 2.44e-02
board=gs set RX_AFE_GAIN=0 RX_AFE_PEAK=12
board=m2 set RX_AFE_GAIN=0 RX_AFE_PEAK=12
board=m2 recal RX_EN_EQA=1 RX_EQA_LOCKED=1 RX_CDR_LOCKED=1 TX_CALIB_DONE=1 RX_CALIB_DONE=1 wait_s=0.13
board=gs recal RX_EN_EQA=1 RX_EQA_LOCKED=1 RX_CDR_LOCKED=1 TX_CALIB_DONE=1 RX_CALIB_DONE=1 wait_s=0.13
HEALTH board=m2 e6_rterm0 r2 problems=PLL_BISC_TIMER_DONE=0,PLL_BISC_CP_VALID=0,RX_CDR_LOCKED=0 freq_acc=[0, 0, 0] span=0
HEALTH board=gs e6_rterm0 r2 problems=PLL_BISC_TIMER_DONE=0,PLL_BISC_CP_VALID=0,RX_CDR_LOCKED=0 freq_acc=[0, 0, 0] span=0
== e6_rterm0 r2: gs->m2 7.10e-02  m2->gs 3.89e-02
board=gs set RX_AFE_GAIN=0 RX_AFE_PEAK=12
board=m2 set RX_AFE_GAIN=0 RX_AFE_PEAK=12
board=m2 recal RX_EN_EQA=1 RX_EQA_LOCKED=1 RX_CDR_LOCKED=1 TX_CALIB_DONE=1 RX_CALIB_DONE=1 wait_s=0.13
board=gs recal RX_EN_EQA=1 RX_EQA_LOCKED=1 RX_CDR_LOCKED=1 TX_CALIB_DONE=1 RX_CALIB_DONE=1 wait_s=0.61
HEALTH board=m2 e6_rterm0 r3 problems=PLL_BISC_TIMER_DONE=0,PLL_BISC_CP_VALID=0,RX_CDR_LOCKED=0 freq_acc=[0, 0, 0] span=0
HEALTH board=gs e6_rterm0 r3 problems=PLL_BISC_TIMER_DONE=0,PLL_BISC_CP_VALID=0,RX_CDR_LOCKED=0 freq_acc=[0, 0, 0] span=0
== e6_rterm0 r3: gs->m2 4.76e-02  m2->gs 2.73e-02
ABRUN DONE 03:01:40
board=gs set RX_AFE_GAIN=0 RX_AFE_PEAK=12
board=m2 set RX_AFE_GAIN=0 RX_AFE_PEAK=12
board=m2 recal RX_EN_EQA=1 RX_EQA_LOCKED=1 RX_CDR_LOCKED=1 TX_CALIB_DONE=1 RX_CALIB_DONE=1 wait_s=0.23
board=gs recal RX_EN_EQA=1 RX_EQA_LOCKED=1 RX_CDR_LOCKED=1 TX_CALIB_DONE=1 RX_CALIB_DONE=1 wait_s=0.13
HEALTH board=m2 e6_rterm1 r1 problems=PLL_BISC_TIMER_DONE=0,PLL_BISC_CP_VALID=0,RX_CDR_LOCKED=0 freq_acc=[0, 0, 0] span=0
HEALTH board=gs e6_rterm1 r1 problems=PLL_BISC_TIMER_DONE=0,PLL_BISC_CP_VALID=0,RX_CDR_LOCKED=0 freq_acc=[0, 0, 0] span=0
== e6_rterm1 r1: gs->m2 5.23e-02  m2->gs 3.55e-02
board=gs set RX_AFE_GAIN=0 RX_AFE_PEAK=12
board=m2 set RX_AFE_GAIN=0 RX_AFE_PEAK=12
board=m2 recal RX_EN_EQA=1 RX_EQA_LOCKED=1 RX_CDR_LOCKED=0 TX_CALIB_DONE=1 RX_CALIB_DONE=1 wait_s=3.05
board=gs recal RX_EN_EQA=1 RX_EQA_LOCKED=1 RX_CDR_LOCKED=1 TX_CALIB_DONE=1 RX_CALIB_DONE=1 wait_s=0.15
HEALTH board=m2 e6_rterm1 r2 problems=PLL_BISC_TIMER_DONE=0,PLL_BISC_CP_VALID=0,RX_CDR_LOCKED=0 freq_acc=[0, 0, 0] span=0
HEALTH board=gs e6_rterm1 r2 problems=PLL_BISC_TIMER_DONE=0,PLL_BISC_CP_VALID=0,RX_CDR_LOCKED=0 freq_acc=[0, 0, 0] span=0
== e6_rterm1 r2: gs->m2 3.61e-02  m2->gs 1.86e-02
board=gs set RX_AFE_GAIN=0 RX_AFE_PEAK=12
board=m2 set RX_AFE_GAIN=0 RX_AFE_PEAK=12
board=m2 recal RX_EN_EQA=1 RX_EQA_LOCKED=1 RX_CDR_LOCKED=1 TX_CALIB_DONE=1 RX_CALIB_DONE=1 wait_s=0.62
board=gs recal RX_EN_EQA=1 RX_EQA_LOCKED=1 RX_CDR_LOCKED=1 TX_CALIB_DONE=1 RX_CALIB_DONE=1 wait_s=0.25
HEALTH board=m2 e6_rterm1 r3 problems=PLL_BISC_TIMER_DONE=0,PLL_BISC_CP_VALID=0 freq_acc=[0, 0, 0] span=0
HEALTH board=gs e6_rterm1 r3 problems=PLL_BISC_TIMER_DONE=0,PLL_BISC_CP_VALID=0,RX_CDR_LOCKED=0 freq_acc=[0, 0, 0] span=0
== e6_rterm1 r3: gs->m2 4.83e-02  m2->gs 3.09e-02
ABRUN DONE 03:07:44
| Point | n | BER gs→m2 median (worst) | BER m2→gs median (worst) | bits per direction |
|---|---|---|---|---|
| sd5_gs2_m21 | 1 | 1.13e-01 (1.13e-01) | 2.00e-01 (2.00e-01) | 3.20e+09 |
| sd5_gs3_m21 | 1 | 1.21e-01 (1.21e-01) | 1.91e-01 (1.91e-01) | 1.95e+10 |
| sd5_gs4_m21 | 1 | 1.20e-01 (1.20e-01) | 3.99e-02 (3.99e-02) | 1.19e+09 |
| sd5_gs7_m22 | 1 | 1.03e-01 (1.03e-01) | 1.92e-01 (1.92e-01) | 4.93e+09 |
| sd5_gs7_m23 | 1 | 3.97e-02 (3.97e-02) | 2.61e-02 (2.61e-02) | 6.80e+10 |
| sd5_gs7_m24 | 1 | 1.30e-01 (1.30e-01) | 2.02e-01 (2.02e-01) | 1.37e+10 |
| sd5_gs7_m25 | 1 | 1.54e-01 (1.54e-01) | 1.95e-01 (1.95e-01) | 4.61e+09 |
| x5_clkdir | 1 | 1.16e-01 (1.16e-01) | 2.16e-01 (2.16e-01) | 1.06e+09 |
| e4_ckp1E_tt16 | 1 | 2.50e-02 (2.50e-02) | 2.65e-02 (2.65e-02) | 1.65e+10 |
| e4_ckp1E_tt32 | 1 | 4.70e-02 (4.70e-02) | 3.34e-02 (3.34e-02) | 6.40e+09 |
| e4_ckp1E_tt8 | 1 | 5.50e-02 (5.50e-02) | 3.34e-02 (3.34e-02) | 9.57e+08 |
| e4_ckp3E_tt16 | 1 | 8.30e-02 (8.30e-02) | 3.59e-02 (3.59e-02) | 6.05e+09 |
| e4_ckp3E_tt32 | 1 | 5.34e-02 (5.34e-02) | 3.35e-02 (3.35e-02) | 9.91e+07 |
| e4_ckp3E_tt8 | 1 | 5.64e-02 (5.64e-02) | 3.32e-02 (3.32e-02) | 2.70e+09 |
| e4_ckp7E_tt16 | 1 | 6.53e-02 (6.53e-02) | 5.43e-02 (5.43e-02) | 1.49e+08 |
| e4_ckp7E_tt32 | 1 | 5.07e-02 (5.07e-02) | 3.64e-02 (3.64e-02) | 5.15e+07 |
| e4_ckp7E_tt8 | 1 | 3.98e-02 (3.98e-02) | 2.86e-02 (2.86e-02) | 4.72e+09 |
| e4_ckpF8_tt16 | 1 | 5.57e-02 (5.57e-02) | 2.64e-02 (2.64e-02) | 4.88e+08 |
| e4_ckpF8_tt32 | 1 | 5.07e-02 (5.07e-02) | 2.72e-02 (2.72e-02) | 9.09e+08 |
| e4_ckpF8_tt8 | 1 | 4.62e-02 (4.62e-02) | 1.85e-02 (1.85e-02) | 4.43e+07 |
| e3_amp20 | 1 | 5.60e-02 (5.60e-02) | 3.86e-02 (3.86e-02) | 2.02e+08 |
| e3_amp24 | 1 | 5.32e-02 (5.32e-02) | 5.93e-02 (5.93e-02) | 1.53e+07 |
| e3_amp28 | 1 | 4.48e-02 (4.48e-02) | 3.07e-02 (3.07e-02) | 2.45e+09 |
| e3_post0 | 1 | 4.44e-02 (4.44e-02) | 4.24e-02 (4.24e-02) | 4.78e+10 |
| e3_post12 | 1 | 5.42e-02 (5.42e-02) | 1.58e-02 (1.58e-02) | 2.56e+08 |
| e3_post17 | 1 | 9.66e-02 (9.66e-02) | 4.58e-02 (4.58e-02) | 1.03e+10 |
| e3_post20 | 1 | 1.09e-01 (1.09e-01) | 5.55e-02 (5.55e-02) | 6.95e+09 |
| e3_post6 | 1 | 7.65e-02 (7.65e-02) | 2.31e-02 (2.31e-02) | 5.11e+10 |
| e3_pre2_post12 | 1 | 6.33e-02 (6.33e-02) | 2.25e-02 (2.25e-02) | 1.59e+07 |
| e3_pre5_post12 | 1 | 7.42e-02 (7.42e-02) | 2.60e-02 (2.60e-02) | 2.63e+09 |
| e5_vcm2 | 1 | 5.73e-02 (5.73e-02) | 4.44e-02 (4.44e-02) | 9.11e+06 |
| e5_vcm4 | 1 | 4.84e-02 (4.84e-02) | 2.51e-02 (2.51e-02) | 5.50e+09 |
| e5_vcm5 | 1 | 4.15e-02 (4.15e-02) | 2.86e-02 (2.86e-02) | 1.10e+09 |
| e6_rterm0 | 3 | 5.24e-02 (7.10e-02) | 2.73e-02 (3.89e-02) | 9.40e+09 |
| e6_rterm1 | 3 | 4.83e-02 (5.23e-02) | 3.09e-02 (3.55e-02) | 3.41e+09 |
LAB3 DONE 03:07:44
