== round 1 03:57:15
board=gs set RX_AFE_GAIN=0 RX_AFE_PEAK=24
board=m2 set RX_AFE_GAIN=0 RX_AFE_PEAK=24
board=m2 recal RX_EN_EQA=1 RX_EQA_LOCKED=1 RX_CDR_LOCKED=1 TX_CALIB_DONE=1 RX_CALIB_DONE=1 wait_s=0.86
board=gs recal RX_EN_EQA=1 RX_EQA_LOCKED=1 RX_CDR_LOCKED=1 TX_CALIB_DONE=1 RX_CALIB_DONE=1 wait_s=0.13
HEALTH board=m2 t73a_p24 r1 problems=PLL_BISC_TIMER_DONE=0,PLL_BISC_CP_VALID=0,RX_CDR_LOCKED=0 freq_acc=[0, 0, 0] span=0
HEALTH board=gs t73a_p24 r1 problems=PLL_BISC_TIMER_DONE=0,PLL_BISC_CP_VALID=0,RX_CDR_LOCKED=0 freq_acc=[0, 0, 0] span=0
== t73a_p24 r1: gs->m2 1.14e-01  m2->gs 1.85e-01
board=gs set RX_AFE_GAIN=0 RX_AFE_PEAK=24 TX_BRANCH_EN_PRE=0 TX_BRANCH_EN_POST=31 TX_DC_ENABLE=47 TX_SEL_PRE=0 TX_SEL_POST=0
board=m2 set RX_AFE_GAIN=0 RX_AFE_PEAK=24 TX_BRANCH_EN_PRE=0 TX_BRANCH_EN_POST=31 TX_DC_ENABLE=47 TX_SEL_PRE=0 TX_SEL_POST=0
board=m2 recal RX_EN_EQA=1 RX_EQA_LOCKED=1 RX_CDR_LOCKED=1 TX_CALIB_DONE=1 RX_CALIB_DONE=1 wait_s=0.21
board=gs recal RX_EN_EQA=1 RX_EQA_LOCKED=1 RX_CDR_LOCKED=1 TX_CALIB_DONE=1 RX_CALIB_DONE=1 wait_s=1.88
HEALTH board=m2 t73b_p24_post0 r1 problems=PLL_BISC_TIMER_DONE=0,PLL_BISC_CP_VALID=0,RX_CDR_LOCKED=0 freq_acc=[0, 0, 0] span=0
HEALTH board=gs t73b_p24_post0 r1 problems=PLL_BISC_TIMER_DONE=0,PLL_BISC_CP_VALID=0,RX_CDR_LOCKED=0 freq_acc=[0, 0, 0] span=0
== t73b_p24_post0 r1: gs->m2 1.43e-01  m2->gs 5.00e-01
board=gs set RX_AFE_GAIN=0 RX_AFE_PEAK=24 TX_BRANCH_EN_PRE=0 TX_BRANCH_EN_POST=31 TX_DC_ENABLE=47 TX_SEL_PRE=0 TX_SEL_POST=6
board=m2 set RX_AFE_GAIN=0 RX_AFE_PEAK=24 TX_BRANCH_EN_PRE=0 TX_BRANCH_EN_POST=31 TX_DC_ENABLE=47 TX_SEL_PRE=0 TX_SEL_POST=6
board=m2 recal RX_EN_EQA=1 RX_EQA_LOCKED=1 RX_CDR_LOCKED=1 TX_CALIB_DONE=1 RX_CALIB_DONE=1 wait_s=0.13
board=gs recal RX_EN_EQA=1 RX_EQA_LOCKED=1 RX_CDR_LOCKED=1 TX_CALIB_DONE=1 RX_CALIB_DONE=1 wait_s=0.62
HEALTH board=m2 t73c_p24_post6 r1 problems=PLL_BISC_TIMER_DONE=0,PLL_BISC_CP_VALID=0,RX_CDR_LOCKED=0 freq_acc=[0, 0, 0] span=0
HEALTH board=gs t73c_p24_post6 r1 problems=PLL_BISC_TIMER_DONE=0,PLL_BISC_CP_VALID=0,RX_CDR_LOCKED=0 freq_acc=[0, 0, 0] span=0
== t73c_p24_post6 r1: gs->m2 1.49e-01  m2->gs 2.81e-01
board=gs set RX_AFE_GAIN=0 RX_AFE_PEAK=24 RX_CDR_CKP=30 RX_CDR_TRANS_TH=16
board=m2 set RX_AFE_GAIN=0 RX_AFE_PEAK=24 RX_CDR_CKP=30 RX_CDR_TRANS_TH=16
board=m2 recal RX_EN_EQA=1 RX_EQA_LOCKED=1 RX_CDR_LOCKED=1 TX_CALIB_DONE=1 RX_CALIB_DONE=1 wait_s=0.36
board=gs recal RX_EN_EQA=1 RX_EQA_LOCKED=1 RX_CDR_LOCKED=1 TX_CALIB_DONE=1 RX_CALIB_DONE=1 wait_s=0.22
HEALTH board=m2 t73d_p24_ckp1e_tt16 r1 problems=PLL_BISC_TIMER_DONE=0,PLL_BISC_CP_VALID=0,RX_CDR_LOCKED=0 freq_acc=[0, 0, 0] span=0
HEALTH board=gs t73d_p24_ckp1e_tt16 r1 problems=PLL_BISC_TIMER_DONE=0,PLL_BISC_CP_VALID=0,RX_CDR_LOCKED=0 freq_acc=[0, 0, 0] span=0
== t73d_p24_ckp1e_tt16 r1: gs->m2 1.09e-01  m2->gs 1.89e-01
ABRUN DONE 04:05:22
HEALTH board=m2 t73e_p2 r1 problems=PLL_BISC_TIMER_DONE=0,PLL_BISC_CP_VALID=0,RX_CDR_LOCKED=0 freq_acc=[0, 0, 0] span=0
HEALTH board=gs t73e_p2 r1 problems=PLL_BISC_TIMER_DONE=0,PLL_BISC_CP_VALID=0,RX_CDR_LOCKED=0 freq_acc=[0, 0, 0] span=0
== t73e_p2 r1: gs->m2 5.53e-02  m2->gs 1.77e-02
ABRUN DONE 04:06:49
== round 2 04:06:50
board=gs set RX_AFE_GAIN=0 RX_AFE_PEAK=24
board=m2 set RX_AFE_GAIN=0 RX_AFE_PEAK=24
board=m2 recal RX_EN_EQA=1 RX_EQA_LOCKED=1 RX_CDR_LOCKED=1 TX_CALIB_DONE=1 RX_CALIB_DONE=1 wait_s=0.2
board=gs recal RX_EN_EQA=1 RX_EQA_LOCKED=1 RX_CDR_LOCKED=1 TX_CALIB_DONE=1 RX_CALIB_DONE=1 wait_s=0.21
HEALTH board=m2 t73a_p24 r1 problems=PLL_BISC_TIMER_DONE=0,PLL_BISC_CP_VALID=0,RX_CDR_LOCKED=0 freq_acc=[0, 0, 0] span=0
HEALTH board=gs t73a_p24 r1 problems=PLL_BISC_TIMER_DONE=0,PLL_BISC_CP_VALID=0,RX_CDR_LOCKED=0 freq_acc=[0, 0, 0] span=0
== t73a_p24 r1: gs->m2 1.08e-01  m2->gs 1.80e-01
board=gs set RX_AFE_GAIN=0 RX_AFE_PEAK=24 TX_BRANCH_EN_PRE=0 TX_BRANCH_EN_POST=31 TX_DC_ENABLE=47 TX_SEL_PRE=0 TX_SEL_POST=0
board=m2 set RX_AFE_GAIN=0 RX_AFE_PEAK=24 TX_BRANCH_EN_PRE=0 TX_BRANCH_EN_POST=31 TX_DC_ENABLE=47 TX_SEL_PRE=0 TX_SEL_POST=0
board=m2 recal RX_EN_EQA=1 RX_EQA_LOCKED=1 RX_CDR_LOCKED=1 TX_CALIB_DONE=1 RX_CALIB_DONE=1 wait_s=0.13
board=gs recal RX_EN_EQA=1 RX_EQA_LOCKED=1 RX_CDR_LOCKED=1 TX_CALIB_DONE=1 RX_CALIB_DONE=1 wait_s=0.39
HEALTH board=m2 t73b_p24_post0 r1 problems=PLL_BISC_TIMER_DONE=0,PLL_BISC_CP_VALID=0,RX_CDR_LOCKED=0 freq_acc=[0, 0, 0] span=0
HEALTH board=gs t73b_p24_post0 r1 problems=PLL_BISC_TIMER_DONE=0,PLL_BISC_CP_VALID=0,RX_CDR_LOCKED=0 freq_acc=[0, 0, 0] span=0
== t73b_p24_post0 r1: gs->m2 1.00e-01  m2->gs 5.00e-01
board=gs set RX_AFE_GAIN=0 RX_AFE_PEAK=24 TX_BRANCH_EN_PRE=0 TX_BRANCH_EN_POST=31 TX_DC_ENABLE=47 TX_SEL_PRE=0 TX_SEL_POST=6
board=m2 set RX_AFE_GAIN=0 RX_AFE_PEAK=24 TX_BRANCH_EN_PRE=0 TX_BRANCH_EN_POST=31 TX_DC_ENABLE=47 TX_SEL_PRE=0 TX_SEL_POST=6
board=m2 recal RX_EN_EQA=1 RX_EQA_LOCKED=1 RX_CDR_LOCKED=1 TX_CALIB_DONE=1 RX_CALIB_DONE=1 wait_s=0.13
board=gs recal RX_EN_EQA=1 RX_EQA_LOCKED=1 RX_CDR_LOCKED=1 TX_CALIB_DONE=1 RX_CALIB_DONE=1 wait_s=0.4
HEALTH board=m2 t73c_p24_post6 r1 problems=PLL_BISC_TIMER_DONE=0,PLL_BISC_CP_VALID=0,RX_CDR_LOCKED=0 freq_acc=[0, 0, 0] span=0
HEALTH board=gs t73c_p24_post6 r1 problems=PLL_BISC_TIMER_DONE=0,PLL_BISC_CP_VALID=0,RX_CDR_LOCKED=0 freq_acc=[0, 0, 0] span=0
== t73c_p24_post6 r1: gs->m2 1.57e-01  m2->gs 2.70e-01
board=gs set RX_AFE_GAIN=0 RX_AFE_PEAK=24 RX_CDR_CKP=30 RX_CDR_TRANS_TH=16
board=m2 set RX_AFE_GAIN=0 RX_AFE_PEAK=24 RX_CDR_CKP=30 RX_CDR_TRANS_TH=16
board=m2 recal RX_EN_EQA=1 RX_EQA_LOCKED=1 RX_CDR_LOCKED=1 TX_CALIB_DONE=1 RX_CALIB_DONE=1 wait_s=0.38
board=gs recal RX_EN_EQA=1 RX_EQA_LOCKED=1 RX_CDR_LOCKED=1 TX_CALIB_DONE=1 RX_CALIB_DONE=1 wait_s=0.56
HEALTH board=m2 t73d_p24_ckp1e_tt16 r1 problems=PLL_BISC_TIMER_DONE=0,PLL_BISC_CP_VALID=0 freq_acc=[0, 0, 0] span=0
HEALTH board=gs t73d_p24_ckp1e_tt16 r1 problems=PLL_BISC_TIMER_DONE=0,PLL_BISC_CP_VALID=0,RX_CDR_LOCKED=0 freq_acc=[0, 0, 0] span=0
== t73d_p24_ckp1e_tt16 r1: gs->m2 1.11e-01  m2->gs 9.68e-02
ABRUN DONE 04:14:47
HEALTH board=m2 t73e_p2 r1 problems=PLL_BISC_TIMER_DONE=0,PLL_BISC_CP_VALID=0,RX_CDR_LOCKED=0 freq_acc=[0, 0, 0] span=0
HEALTH board=gs t73e_p2 r1 problems=PLL_BISC_TIMER_DONE=0,PLL_BISC_CP_VALID=0,RX_CDR_LOCKED=0 freq_acc=[0, 0, 0] span=0
== t73e_p2 r1: gs->m2 6.71e-02  m2->gs 1.68e-02
ABRUN DONE 04:16:12
== round 3 04:16:12
board=gs set RX_AFE_GAIN=0 RX_AFE_PEAK=24
board=m2 set RX_AFE_GAIN=0 RX_AFE_PEAK=24
board=m2 recal RX_EN_EQA=1 RX_EQA_LOCKED=1 RX_CDR_LOCKED=1 TX_CALIB_DONE=1 RX_CALIB_DONE=1 wait_s=0.36
board=gs recal RX_EN_EQA=1 RX_EQA_LOCKED=1 RX_CDR_LOCKED=1 TX_CALIB_DONE=1 RX_CALIB_DONE=1 wait_s=0.13
HEALTH board=m2 t73a_p24 r1 problems=PLL_BISC_TIMER_DONE=0,PLL_BISC_CP_VALID=0,RX_CDR_LOCKED=0 freq_acc=[0, 0, 0] span=0
HEALTH board=gs t73a_p24 r1 problems=PLL_BISC_TIMER_DONE=0,PLL_BISC_CP_VALID=0,RX_CDR_LOCKED=0 freq_acc=[0, 0, 0] span=0
== t73a_p24 r1: gs->m2 1.10e-01  m2->gs 1.76e-01
board=gs set RX_AFE_GAIN=0 RX_AFE_PEAK=24 TX_BRANCH_EN_PRE=0 TX_BRANCH_EN_POST=31 TX_DC_ENABLE=47 TX_SEL_PRE=0 TX_SEL_POST=0
board=m2 set RX_AFE_GAIN=0 RX_AFE_PEAK=24 TX_BRANCH_EN_PRE=0 TX_BRANCH_EN_POST=31 TX_DC_ENABLE=47 TX_SEL_PRE=0 TX_SEL_POST=0
board=m2 recal RX_EN_EQA=1 RX_EQA_LOCKED=1 RX_CDR_LOCKED=1 TX_CALIB_DONE=1 RX_CALIB_DONE=1 wait_s=0.21
board=gs recal RX_EN_EQA=1 RX_EQA_LOCKED=1 RX_CDR_LOCKED=1 TX_CALIB_DONE=1 RX_CALIB_DONE=1 wait_s=0.13
HEALTH board=m2 t73b_p24_post0 r1 problems=PLL_BISC_TIMER_DONE=0,PLL_BISC_CP_VALID=0,RX_CDR_LOCKED=0 freq_acc=[0, 0, 0] span=0
HEALTH board=gs t73b_p24_post0 r1 problems=PLL_BISC_TIMER_DONE=0,PLL_BISC_CP_VALID=0,RX_CDR_LOCKED=0 freq_acc=[0, 0, 0] span=0
== t73b_p24_post0 r1: gs->m2 3.59e-06  m2->gs 5.00e-01
board=gs set RX_AFE_GAIN=0 RX_AFE_PEAK=24 TX_BRANCH_EN_PRE=0 TX_BRANCH_EN_POST=31 TX_DC_ENABLE=47 TX_SEL_PRE=0 TX_SEL_POST=6
board=m2 set RX_AFE_GAIN=0 RX_AFE_PEAK=24 TX_BRANCH_EN_PRE=0 TX_BRANCH_EN_POST=31 TX_DC_ENABLE=47 TX_SEL_PRE=0 TX_SEL_POST=6
board=m2 recal RX_EN_EQA=1 RX_EQA_LOCKED=1 RX_CDR_LOCKED=1 TX_CALIB_DONE=1 RX_CALIB_DONE=1 wait_s=0.13
board=gs recal RX_EN_EQA=1 RX_EQA_LOCKED=1 RX_CDR_LOCKED=1 TX_CALIB_DONE=1 RX_CALIB_DONE=1 wait_s=0.81
HEALTH board=m2 t73c_p24_post6 r1 problems=PLL_BISC_TIMER_DONE=0,PLL_BISC_CP_VALID=0 freq_acc=[0, 0, 0] span=0
HEALTH board=gs t73c_p24_post6 r1 problems=PLL_BISC_TIMER_DONE=0,PLL_BISC_CP_VALID=0,RX_CDR_LOCKED=0 freq_acc=[0, 0, 0] span=0
== t73c_p24_post6 r1: gs->m2 1.23e-01  m2->gs 7.59e-02
board=gs set RX_AFE_GAIN=0 RX_AFE_PEAK=24 RX_CDR_CKP=30 RX_CDR_TRANS_TH=16
board=m2 set RX_AFE_GAIN=0 RX_AFE_PEAK=24 RX_CDR_CKP=30 RX_CDR_TRANS_TH=16
board=m2 recal RX_EN_EQA=1 RX_EQA_LOCKED=1 RX_CDR_LOCKED=1 TX_CALIB_DONE=1 RX_CALIB_DONE=1 wait_s=0.13
board=gs recal RX_EN_EQA=1 RX_EQA_LOCKED=1 RX_CDR_LOCKED=1 TX_CALIB_DONE=1 RX_CALIB_DONE=1 wait_s=0.13
HEALTH board=m2 t73d_p24_ckp1e_tt16 r1 problems=PLL_BISC_TIMER_DONE=0,PLL_BISC_CP_VALID=0,RX_CDR_LOCKED=0 freq_acc=[0, 0, 0] span=0
HEALTH board=gs t73d_p24_ckp1e_tt16 r1 problems=PLL_BISC_TIMER_DONE=0,PLL_BISC_CP_VALID=0,RX_CDR_LOCKED=0 freq_acc=[0, 0, 0] span=0
== t73d_p24_ckp1e_tt16 r1: gs->m2 1.08e-01  m2->gs 2.97e-02
ABRUN DONE 04:24:19
HEALTH board=m2 t73e_p2 r1 problems=PLL_BISC_TIMER_DONE=0,PLL_BISC_CP_VALID=0,RX_CDR_LOCKED=0 freq_acc=[0, 0, 0] span=0
HEALTH board=gs t73e_p2 r1 problems=PLL_BISC_TIMER_DONE=0,PLL_BISC_CP_VALID=0,RX_CDR_LOCKED=0 freq_acc=[0, 0, 0] span=0
== t73e_p2 r1: gs->m2 7.40e-02  m2->gs 2.12e-02
ABRUN DONE 04:25:44
| Point | load | BER gs→m2 | synced gs→m2 | BER m2→gs | synced m2→gs |
|---|---|---|---|---|---|
| t73a_p24 | r1 | 1.14e-01 | 1.4e-01 | 1.85e-01 | 3.0e-02 |
| t73a_p24 | r2 | 1.08e-01 | 1.1e-02 | 1.80e-01 | 4.9e-02 |
| t73a_p24 | r3 | 1.10e-01 | 9.0e-03 | 1.76e-01 | 1.5e-02 |
| t73b_p24_post0 | r1 | 1.43e-01 | 6.4e-02 | 5.00e-01 | 0.0e+00 |
| t73b_p24_post0 | r2 | 1.00e-01 | 1.9e-01 | 5.00e-01 | 4.1e-04 |
| t73b_p24_post0 | r3 | 5.00e-01 | – | 5.00e-01 | 1.5e-05 |
| t73c_p24_post6 | r1 | 1.49e-01 | 8.3e-02 | 2.81e-01 | 9.3e-02 |
| t73c_p24_post6 | r2 | 1.57e-01 | 3.1e-02 | 2.70e-01 | 7.6e-02 |
| t73c_p24_post6 | r3 | 1.23e-01 | 2.9e-02 | 7.59e-02 | 3.3e-01 |
| t73d_p24_ckp1e_tt16 | r1 | 1.09e-01 | 2.9e-02 | 1.89e-01 | 1.6e-02 |
| t73d_p24_ckp1e_tt16 | r2 | 1.11e-01 | 1.7e-01 | 9.68e-02 | 2.9e-01 |
| t73d_p24_ckp1e_tt16 | r3 | 1.08e-01 | 3.6e-02 | 2.97e-02 | 7.1e-01 |
| t73e_p2 | r1 | 5.53e-02 | 1.5e-03 | 1.77e-02 | 1.5e-03 |
| t73e_p2 | r2 | 6.71e-02 | 1.8e-03 | 1.68e-02 | 1.4e-04 |
| t73e_p2 | r3 | 7.40e-02 | 1.4e-02 | 2.12e-02 | 2.5e-04 |

| Point | n | BER gs→m2 median (worst) | BER m2→gs median (worst) | bits per direction | synced share gs→m2 / m2→gs |
|---|---|---|---|---|---|
| t73b_p24_post0 | 3 | 1.43e-01 (5.00e-01) | 5.00e-01 (5.00e-01) | 6.16e+14 | 1.3e-01 / 1.5e-05 |
| t73d_p24_ckp1e_tt16 | 3 | 1.09e-01 (1.11e-01) | 9.68e-02 (1.89e-01) | 3.62e+10 | 3.6e-02 / 2.9e-01 |
| t73c_p24_post6 | 3 | 1.49e-01 (1.57e-01) | 2.70e-01 (2.81e-01) | 2.18e+10 | 3.1e-02 / 9.3e-02 |
| t73a_p24 | 3 | 1.10e-01 (1.14e-01) | 1.80e-01 (1.85e-01) | 2.42e+10 | 1.1e-02 / 3.0e-02 |
| t73e_p2 | 3 | 6.71e-02 (7.40e-02) | 1.77e-02 (2.12e-02) | 3.19e+09 | 1.8e-03 / 2.5e-04 |
LAB6 DONE 04:25:45
