== 0g3 19:38:37
Done
Done
0g3 m2: board=m2 PLL_LOCKED=1 CDR=1  LOOPBACK_SEL=0 (far:RX_PMA=0 RX_PCS=0 near:TX_PMA=0 TX_PCS=0 RX_OVR=0 TX_OVR=0; 0x2A=0x280C 0x40=0x1018)  rx: PEER 200/200 distinct=200  expect=peer -> PASS
0g3 gs: board=gs PLL_LOCKED=1 CDR=1  LOOPBACK_SEL=0 (far:RX_PMA=0 RX_PCS=0 near:TX_PMA=0 TX_PCS=0 RX_OVR=0 TX_OVR=0; 0x2A=0x280C 0x40=0x1018)  rx: PEER 200/200 distinct=200  expect=peer -> PASS
== 2g5 19:40:01
Done
Done
HEALTH board=m2 h80 problems=PLL_BISC_TIMER_DONE=0,PLL_BISC_CP_VALID=0 freq_acc=[0, 0, 0] span=0
HEALTH board=gs h80 problems=PLL_BISC_TIMER_DONE=0,PLL_BISC_CP_VALID=0 freq_acc=[0, 0, 0] span=0
2g5 m2: board=m2 PLL_LOCKED=1 CDR=1  LOOPBACK_SEL=0 (far:RX_PMA=0 RX_PCS=0 near:TX_PMA=0 TX_PCS=0 RX_OVR=0 TX_OVR=0; 0x2A=0x280C 0x40=0x1018)  rx: PEER 200/200 distinct=200  expect=peer -> PASS
2g5 gs: board=gs PLL_LOCKED=1 CDR=1  LOOPBACK_SEL=0 (far:RX_PMA=0 RX_PCS=0 near:TX_PMA=0 TX_PCS=0 RX_OVR=0 TX_OVR=0; 0x2A=0x280C 0x40=0x1018)  rx: PEER 200/200 distinct=200  expect=peer -> PASS
{
 "secs": 30.0,
 "gs_tx_rate_bps": 2500019200.0,
 "m2_tx_rate_bps": 2500019200.0,
 "loopback_sel_gs_design": 0,
 "rx_pol": 1,
 "outdiv": 2,
 "m2_to_gs": {
  "synced": 1,
  "self_seen": 0,
  "loss": 0,
  "words": 1058960055,
  "errw": 3,
  "errb": 6,
  "code_err": 10,
  "new_words": 937507205,
  "new_errb": 5,
  "ber": 1.4164840240362042e-10,
  "ber_95_upper": null,
  "ber_robust": 1.3333230863009742e-10,
  "robust_secs": 30
 },
 "gs_to_m2": {
  "synced": 1,
  "self_seen": 0,
  "loss": 0,
  "words": 1058959860,
  "errw": 70,
  "errb": 172,
  "code_err": 211,
  "new_words": 937507200,
  "new_errb": 158,
  "fresh": true,
  "loopback_sel_m2_design": 0,
  "ber": 4.0605882832990475e-09,
  "ber_95_upper": null,
  "ber_robust": 4.213300975181844e-09,
  "robust_secs": 30
 },
 "gs_inj": 0,
 "m2_inj": 0,
 "lines": 31
}
H80 DONE 19:42:14
