12a338c92b9410679b28aecfe9867ce5cc539c0120c0ea72ffe14d6fff800187  gs_cki1_2g5p1_txneg_s7.bit
d872b4a95479285f8a37db8a33ae048fb620c3c8c56617db406df3fba92d5fdb  m2_cki1_2g5p1_txneg_s2.bit
36f09752d8b85ebdf51b6fe8e34d9a646aa9e768a17ec86ced53dee63335e344  gs_sd_2g5p1_txneg_s7.bit
b1b98a5d946169d1be8b465503c6bee94fb72f44380a20b69bce8bfb6285af4e  m2_e1_2g5p1_txneg_s2.bit
== round 1 12:03:35
HEALTH board=m2 t89_cki1 r1 problems=PLL_BISC_TIMER_DONE=0,PLL_BISC_CP_VALID=0 freq_acc=[-31, -9, -7] span=24
HEALTH board=gs t89_cki1 r1 problems=PLL_BISC_TIMER_DONE=0,PLL_BISC_CP_VALID=0 freq_acc=[5, -7, 4] span=12
== t89_cki1 r1 12:09:20: gs->m2 1.27e-07  m2->gs 8.20e-08  rate gs 2500018960 m2 2500025680
HEALTH board=m2 t89_cki0 r1 problems=PLL_BISC_TIMER_DONE=0,PLL_BISC_CP_VALID=0 freq_acc=[0, 0, 0] span=0
HEALTH board=gs t89_cki0 r1 problems=PLL_BISC_TIMER_DONE=0,PLL_BISC_CP_VALID=0 freq_acc=[0, 0, 0] span=0
== t89_cki0 r1 12:15:06: gs->m2 5.84e-09  m2->gs 5.58e-08  rate gs 2500019200 m2 2500026000
== round 2 12:15:07
HEALTH board=m2 t89_cki1 r2 problems=PLL_BISC_TIMER_DONE=0,PLL_BISC_CP_VALID=0 freq_acc=[57, 7, -20] span=77
HEALTH board=gs t89_cki1 r2 problems=PLL_BISC_TIMER_DONE=0,PLL_BISC_CP_VALID=0 freq_acc=[1, 1, 18] span=17
== t89_cki1 r2 12:20:58: gs->m2 1.18e-07  m2->gs 3.74e-08  rate gs 2500019360 m2 2500026160
HEALTH board=m2 t89_cki0 r2 problems=PLL_BISC_TIMER_DONE=0,PLL_BISC_CP_VALID=0 freq_acc=[0, 0, 0] span=0
HEALTH board=gs t89_cki0 r2 problems=PLL_BISC_TIMER_DONE=0,PLL_BISC_CP_VALID=0 freq_acc=[0, 0, 0] span=0
== t89_cki0 r2 12:26:44: gs->m2 6.36e-08  m2->gs 6.11e-08  rate gs 2500019440 m2 2500026160
== round 3 12:26:45
HEALTH board=m2 t89_cki1 r3 problems=PLL_BISC_TIMER_DONE=0,PLL_BISC_CP_VALID=0 freq_acc=[2, -11, 14] span=25
HEALTH board=gs t89_cki1 r3 problems=PLL_BISC_TIMER_DONE=0,PLL_BISC_CP_VALID=0 freq_acc=[-13, 2, 17] span=30
== t89_cki1 r3 12:32:31: gs->m2 9.96e-08  m2->gs 1.93e-07  rate gs 2500019520 m2 2500026160
HEALTH board=m2 t89_cki0 r3 problems=PLL_BISC_TIMER_DONE=0,PLL_BISC_CP_VALID=0 freq_acc=[0, 0, 0] span=0
HEALTH board=gs t89_cki0 r3 problems=PLL_BISC_TIMER_DONE=0,PLL_BISC_CP_VALID=0 freq_acc=[0, 0, 0] span=0
== t89_cki0 r3 12:38:17: gs->m2 2.73e-08  m2->gs 4.74e-08  rate gs 2500019600 m2 2500026080
jtag_check cki0 m2: board=m2 PLL_LOCKED=1 CDR=0  LOOPBACK_SEL=0 (far:RX_PMA=0 RX_PCS=0 near:TX_PMA=0 TX_PCS=0 RX_OVR=0 TX_OVR=0; 0x2A=0x280C 0x40=0x1018)  rx: PEER 200/200 distinct=200  expect=peer -> PASS
jtag_check cki0 gs: probe_select.ProbeSelectError: no DirtyJTAG probe at 1:69 (present: 1:73, 1:70)
| Point | load | BER gs→m2 | synced gs→m2 | BER m2→gs | synced m2→gs |
|---|---|---|---|---|---|
| t89_cki0 | r1 | 5.84e-09 | 1.7e-01 | 5.58e-08 | 9.8e-01 |
| t89_cki0 | r2 | 6.36e-08 | 9.8e-01 | 6.11e-08 | 9.8e-01 |
| t89_cki0 | r3 | 2.73e-08 | 8.1e-01 | 4.74e-08 | 9.8e-01 |
| t89_cki1 | r1 | 1.27e-07 | 3.8e-01 | 8.20e-08 | 9.7e-01 |
| t89_cki1 | r2 | 1.18e-07 | 3.3e-01 | 3.74e-08 | 9.7e-01 |
| t89_cki1 | r3 | 9.96e-08 | 1.6e-01 | 1.93e-07 | 9.8e-01 |

| Point | n | BER gs→m2 median (worst) | BER m2→gs median (worst) | bits per direction | synced share gs→m2 / m2→gs |
|---|---|---|---|---|---|
| t89_cki0 | 3 | 2.73e-08 (6.36e-08) | 5.58e-08 (6.11e-08) | 7.51e+11 | 8.1e-01 / 9.8e-01 |
| t89_cki1 | 3 | 1.18e-07 (1.27e-07) | 8.20e-08 (1.93e-07) | 3.36e+11 | 3.3e-01 / 9.7e-01 |
| Point | load | board | PLL lock | FT_OF / FT_UF | CAP_FT | CDR lock | EQA lock | phase span |
|---|---|---|---|---|---|---|---|---|
| t89_cki0 | r1 | gs | 1 | 0 / 0 | 436 | 1 | 1 | 57722 |
| t89_cki0 | r1 | m2 | 1 | 0 / 0 | 507 | 1 | 1 | 24873 |
| t89_cki0 | r2 | gs | 1 | 0 / 0 | 437 | 1 | 1 | 18659 |
| t89_cki0 | r2 | m2 | 1 | 0 / 0 | 505 | 1 | 1 | 35787 |
| t89_cki0 | r3 | gs | 1 | 0 / 0 | 437 | 1 | 1 | 8564 |
| t89_cki0 | r3 | m2 | 1 | 0 / 0 | 508 | 1 | 1 | 34514 |
| t89_cki1 | r1 | gs | 1 | 0 / 0 | 434 | 1 | 1 | 9377 |
| t89_cki1 | r1 | m2 | 1 | 0 / 0 | 507 | 1 | 1 | 34909 |
| t89_cki1 | r2 | gs | 1 | 0 / 0 | 436 | 1 | 1 | 10821 |
| t89_cki1 | r2 | m2 | 1 | 0 / 0 | 507 | 1 | 1 | 43413 |
| t89_cki1 | r3 | gs | 1 | 0 / 0 | 436 | 1 | 1 | 40919 |
| t89_cki1 | r3 | m2 | 1 | 0 / 0 | 507 | 1 | 1 | 7999 |

| Point | board | loads | PLL lock | FT_OF | FT_UF | CDR lock | EQA lock | CAP_FT range |
|---|---|---|---|---|---|---|---|---|
| t89_cki0 | gs | 3 | 3/3 | 0/3 | 0/3 | 3/3 | 3/3 | 436–437 |
| t89_cki0 | m2 | 3 | 3/3 | 0/3 | 0/3 | 3/3 | 3/3 | 505–508 |
| t89_cki1 | gs | 3 | 3/3 | 0/3 | 0/3 | 3/3 | 3/3 | 434–436 |
| t89_cki1 | m2 | 3 | 3/3 | 0/3 | 0/3 | 3/3 | 3/3 | 507–507 |
LAB11 DONE 12:39:05
