== 0g3 20:40:19
Done
Done
0g3 m2: board=m2 PLL_LOCKED=1 CDR=1  LOOPBACK_SEL=0 (far:RX_PMA=0 RX_PCS=0 near:TX_PMA=0 TX_PCS=0 RX_OVR=0 TX_OVR=0; 0x2A=0x280C 0x40=0x1018)  rx: PEER 200/200 distinct=200  expect=peer -> PASS
0g3 gs: board=gs PLL_LOCKED=1 CDR=1  LOOPBACK_SEL=0 (far:RX_PMA=0 RX_PCS=0 near:TX_PMA=0 TX_PCS=0 RX_OVR=0 TX_OVR=0; 0x2A=0x280C 0x40=0x1018)  rx: PEER 200/200 distinct=200  expect=peer -> PASS
== 2g5 20:41:41
Done
Done
HEALTH board=m2 h85 problems=PLL_BISC_TIMER_DONE=0,PLL_BISC_CP_VALID=0 freq_acc=[0, 0, 0] span=0
HEALTH board=gs h85 problems=PLL_BISC_TIMER_DONE=0,PLL_BISC_CP_VALID=0 freq_acc=[0, 0, 0] span=0
2g5 m2: board=m2 PLL_LOCKED=1 CDR=1  LOOPBACK_SEL=0 (far:RX_PMA=0 RX_PCS=0 near:TX_PMA=0 TX_PCS=0 RX_OVR=0 TX_OVR=0; 0x2A=0x280C 0x40=0x1018)  rx: PEER 200/200 distinct=200  expect=peer -> PASS
2g5 gs: board=gs PLL_LOCKED=1 CDR=1  LOOPBACK_SEL=0 (far:RX_PMA=0 RX_PCS=0 near:TX_PMA=0 TX_PCS=0 RX_OVR=0 TX_OVR=0; 0x2A=0x280C 0x40=0x1018)  rx: PEER 200/200 distinct=200  expect=peer -> PASS
{
 "secs": 31.0,
 "gs_tx_rate_bps": 2500019360.0,
 "m2_tx_rate_bps": 2500019360.0,
 "loopback_sel_gs_design": 0,
 "rx_pol": 1,
 "outdiv": 2,
 "m2_to_gs": {
  "synced": 1,
  "self_seen": 0,
  "loss": 0,
  "words": 1088594466,
  "errw": 0,
  "errb": 0,
  "code_err": 0,
  "new_words": 968757490,
  "new_errb": 0,
  "ber": 0.0,
  "ber_95_upper": 6.889617974596612e-11,
  "ber_robust": 0.0,
  "robust_secs": 31
 },
 "gs_to_m2": {
  "synced": 1,
  "self_seen": 0,
  "loss": 0,
  "words": 1088594279,
  "errw": 114,
  "errb": 357,
  "code_err": 236,
  "new_words": 968757504,
  "new_errb": 317,
  "fresh": true,
  "loopback_sel_m2_design": 0,
  "ber": 8.198646798142873e-09,
  "ber_95_upper": null,
  "ber_robust": 8.180581793975967e-09,
  "robust_secs": 31
 },
 "gs_inj": 0,
 "m2_inj": 0,
 "lines": 32
}
H80 DONE 20:43:55
