36f09752d8b85ebdf51b6fe8e34d9a646aa9e768a17ec86ced53dee63335e344  gs_sd_2g5p1_txneg_s7.bit
b1b98a5d946169d1be8b465503c6bee94fb72f44380a20b69bce8bfb6285af4e  m2_e1_2g5p1_txneg_s2.bit
bec33f074c13cb27d6dd3d4b083251ae76587336e1cfab6eed1346670f9b1b87  gs_p2_5g_txneg_s7.bit
ac8132bdfc3a995a7d144a029d86469eb756d6af43817e316fc2991143a9670e  m2_p2_5g_txneg_s1.bit
074d2d54716841094ead3302e150190aaa7bb14eee7e43d9f146ec4dda1302bb  gs_p3_5g_txneg_s7.bit
0f6385650a8519a7ceb60f566a316739d8f4c7ee4b0dd6676b1c10c229bfe8ec  m2_p3_5g_txneg_s1.bit
== 2.5G 20:44:07
HEALTH board=m2 t85_2g5_gs7_m22 r1 problems=PLL_BISC_TIMER_DONE=0,PLL_BISC_CP_VALID=0 freq_acc=[0, 0, 0] span=0
HEALTH board=gs t85_2g5_gs7_m22 r1 problems=PLL_BISC_TIMER_DONE=0,PLL_BISC_CP_VALID=0 freq_acc=[0, 0, 0] span=0
== t85_2g5_gs7_m22 r1: gs->m2 5.45e-09  m2->gs 4.52e-08
HEALTH board=m2 t85_2g5_gs7_m22 r2 problems=PLL_BISC_TIMER_DONE=0,PLL_BISC_CP_VALID=0 freq_acc=[0, 0, 0] span=0
HEALTH board=gs t85_2g5_gs7_m22 r2 problems=PLL_BISC_TIMER_DONE=0,PLL_BISC_CP_VALID=0 freq_acc=[0, 0, 0] span=0
== t85_2g5_gs7_m22 r2: gs->m2 9.53e-09  m2->gs 2.53e-10
HEALTH board=m2 t85_2g5_gs7_m22 r3 problems=PLL_BISC_TIMER_DONE=0,PLL_BISC_CP_VALID=0 freq_acc=[0, 0, 0] span=0
HEALTH board=gs t85_2g5_gs7_m22 r3 problems=PLL_BISC_TIMER_DONE=0,PLL_BISC_CP_VALID=0 freq_acc=[0, 0, 0] span=0
== t85_2g5_gs7_m22 r3: gs->m2 2.15e-09  m2->gs 4.52e-11
ABRUN DONE 21:00:13
== 5G round 1 21:00:13
HEALTH board=m2 t85_p2_60s r1 problems=PLL_BISC_TIMER_DONE=0,PLL_BISC_CP_VALID=0 freq_acc=[0, 0, 0] span=0
HEALTH board=gs t85_p2_60s r1 problems=PLL_BISC_TIMER_DONE=0,PLL_BISC_CP_VALID=0 freq_acc=[0, 0, 0] span=0
== t85_p2_60s r1: gs->m2 3.90e-02  m2->gs 2.45e-02
ABRUN DONE 21:01:35
HEALTH board=m2 t85_p3_60s r1 problems=PLL_BISC_TIMER_DONE=0,PLL_BISC_CP_VALID=0,RX_CDR_LOCKED=0 freq_acc=[0, 0, 0] span=0
HEALTH board=gs t85_p3_60s r1 problems=PLL_BISC_TIMER_DONE=0,PLL_BISC_CP_VALID=0 freq_acc=[0, 0, 0] span=0
== t85_p3_60s r1: gs->m2 5.09e-02  m2->gs 1.18e-01
ABRUN DONE 21:02:55
== 5G round 2 21:02:55
HEALTH board=m2 t85_p2_60s r1 problems=PLL_BISC_TIMER_DONE=0,PLL_BISC_CP_VALID=0 freq_acc=[0, 0, 0] span=0
HEALTH board=gs t85_p2_60s r1 problems=PLL_BISC_TIMER_DONE=0,PLL_BISC_CP_VALID=0,RX_CDR_LOCKED=0 freq_acc=[0, 0, 0] span=0
== t85_p2_60s r1: gs->m2 4.73e-02  m2->gs 1.51e-02
ABRUN DONE 21:04:15
HEALTH board=m2 t85_p3_60s r1 problems=PLL_BISC_TIMER_DONE=0,PLL_BISC_CP_VALID=0 freq_acc=[0, 0, 0] span=0
HEALTH board=gs t85_p3_60s r1 problems=PLL_BISC_TIMER_DONE=0,PLL_BISC_CP_VALID=0,RX_CDR_LOCKED=0 freq_acc=[0, 0, 0] span=0
== t85_p3_60s r1: gs->m2 7.18e-02  m2->gs 1.03e-01
ABRUN DONE 21:05:37
== 5G round 3 21:05:37
HEALTH board=m2 t85_p2_60s r1 problems=PLL_BISC_TIMER_DONE=0,PLL_BISC_CP_VALID=0 freq_acc=[0, 0, 0] span=0
HEALTH board=gs t85_p2_60s r1 problems=PLL_BISC_TIMER_DONE=0,PLL_BISC_CP_VALID=0,RX_CDR_LOCKED=0 freq_acc=[0, 0, 0] span=0
== t85_p2_60s r1: gs->m2 4.86e-02  m2->gs 2.38e-02
ABRUN DONE 21:06:59
HEALTH board=m2 t85_p3_60s r1 problems=PLL_BISC_TIMER_DONE=0,PLL_BISC_CP_VALID=0 freq_acc=[0, 0, 0] span=0
HEALTH board=gs t85_p3_60s r1 problems=PLL_BISC_TIMER_DONE=0,PLL_BISC_CP_VALID=0,RX_CDR_LOCKED=0 freq_acc=[0, 0, 0] span=0
== t85_p3_60s r1: gs->m2 5.77e-02  m2->gs 9.90e-02
ABRUN DONE 21:08:20
HEALTH board=m2 t85_p2_300s r1 problems=PLL_BISC_TIMER_DONE=0,PLL_BISC_CP_VALID=0,RX_CDR_LOCKED=0 freq_acc=[0, 0, 0] span=0
HEALTH board=gs t85_p2_300s r1 problems=PLL_BISC_TIMER_DONE=0,PLL_BISC_CP_VALID=0,RX_CDR_LOCKED=0 freq_acc=[0, 0, 0] span=0
== t85_p2_300s r1: gs->m2 2.91e-02  m2->gs 1.36e-02
ABRUN DONE 21:13:40
jtag_check P2 m2: board=m2 PLL_LOCKED=1 CDR=1  LOOPBACK_SEL=0 (far:RX_PMA=0 RX_PCS=0 near:TX_PMA=0 TX_PCS=0 RX_OVR=0 TX_OVR=0; 0x2A=0x280C 0x40=0x1018)  rx: OTHER 9/200 PEER 191/200 distinct=200  expect=peer -> FAIL
jtag_check P2 gs: board=gs PLL_LOCKED=1 CDR=1  LOOPBACK_SEL=0 (far:RX_PMA=0 RX_PCS=0 near:TX_PMA=0 TX_PCS=0 RX_OVR=0 TX_OVR=0; 0x2A=0x280C 0x40=0x1018)  rx: OTHER 1/200 PEER 199/200 distinct=200  expect=peer -> FAIL
HEALTH board=m2 t85_p3_300s r1 problems=PLL_BISC_TIMER_DONE=0,PLL_BISC_CP_VALID=0,RX_CDR_LOCKED=0 freq_acc=[0, 0, 0] span=0
HEALTH board=gs t85_p3_300s r1 problems=PLL_BISC_TIMER_DONE=0,PLL_BISC_CP_VALID=0,RX_CDR_LOCKED=0 freq_acc=[0, 0, 0] span=0
== t85_p3_300s r1: gs->m2 5.00e-01  m2->gs 7.21e-02
ABRUN DONE 21:20:19
jtag_check P3 m2: board=m2 PLL_LOCKED=1 CDR=1  LOOPBACK_SEL=0 (far:RX_PMA=0 RX_PCS=0 near:TX_PMA=0 TX_PCS=0 RX_OVR=0 TX_OVR=0; 0x2A=0x280C 0x40=0x1018)  rx: OTHER 21/200 PEER 179/200 distinct=200  expect=peer -> FAIL
jtag_check P3 gs: board=gs PLL_LOCKED=1 CDR=0  LOOPBACK_SEL=0 (far:RX_PMA=0 RX_PCS=0 near:TX_PMA=0 TX_PCS=0 RX_OVR=0 TX_OVR=0; 0x2A=0x280C 0x40=0x1018)  rx: OTHER 19/200 PEER 181/200 distinct=200  expect=peer -> FAIL
| Point | load | BER gs→m2 | synced gs→m2 | BER m2→gs | synced m2→gs |
|---|---|---|---|---|---|
| t85_2g5_gs7_m22 | r1 | 5.45e-09 | 1.0e+00 | 4.52e-08 | 1.0e+00 |
| t85_2g5_gs7_m22 | r2 | 9.53e-09 | 9.8e-01 | 2.53e-10 | 9.8e-01 |
| t85_2g5_gs7_m22 | r3 | 2.15e-09 | 9.8e-01 | 4.52e-11 | 9.8e-01 |
| t85_p2_300s | r1 | 2.91e-02 | 1.3e-05 | 1.36e-02 | 1.0e-03 |
| t85_p2_60s | r1 | 3.90e-02 | 2.1e-04 | 2.45e-02 | 8.5e-04 |
| t85_p2_60s | r2 | 4.73e-02 | 2.5e-03 | 1.51e-02 | 2.3e-05 |
| t85_p2_60s | r3 | 4.86e-02 | 4.3e-04 | 2.38e-02 | 6.7e-03 |
| t85_p3_300s | r1 | 5.00e-01 | 2.3e-04 | 7.21e-02 | 7.0e-04 |
| t85_p3_60s | r1 | 5.09e-02 | 1.9e-03 | 1.18e-01 | 5.5e-05 |
| t85_p3_60s | r2 | 7.18e-02 | 1.2e-03 | 1.03e-01 | 3.2e-02 |
| t85_p3_60s | r3 | 5.77e-02 | 1.3e-03 | 9.90e-02 | 1.1e-04 |

| Point | n | BER gs→m2 median (worst) | BER m2→gs median (worst) | bits per direction | synced share gs→m2 / m2→gs |
|---|---|---|---|---|---|
| t85_2g5_gs7_m22 | 3 | 5.45e-09 (9.53e-09) | 2.53e-10 (4.52e-08) | 1.13e+12 | 9.8e-01 / 9.8e-01 |
| t85_p3_60s | 3 | 5.77e-02 (7.18e-02) | 1.03e-01 (1.18e-01) | 7.34e+08 | 1.3e-03 / 1.1e-04 |
| t85_p2_60s | 3 | 4.73e-02 (4.86e-02) | 2.38e-02 (2.45e-02) | 5.33e+08 | 4.3e-04 / 8.5e-04 |
| t85_p3_300s | 1 | 5.00e-01 (5.00e-01) | 7.21e-02 (7.21e-02) | 1.78e+08 | 2.3e-04 / 7.0e-04 |
| t85_p2_300s | 1 | 2.91e-02 (2.91e-02) | 1.36e-02 (1.36e-02) | 1.03e+07 | 1.3e-05 / 1.0e-03 |
LAB10 DONE 21:21:36
