== 0g3 16:48:36
Done
Done
0g3 m2: board=m2 PLL_LOCKED=1 CDR=1  LOOPBACK_SEL=0 (far:RX_PMA=0 RX_PCS=0 near:TX_PMA=0 TX_PCS=0 RX_OVR=0 TX_OVR=0; 0x2A=0x280C 0x40=0x1018)  rx: PEER 200/200 distinct=200  expect=peer -> PASS
0g3 gs: board=gs PLL_LOCKED=1 CDR=1  LOOPBACK_SEL=0 (far:RX_PMA=0 RX_PCS=0 near:TX_PMA=0 TX_PCS=0 RX_OVR=0 TX_OVR=0; 0x2A=0x280C 0x40=0x1018)  rx: PEER 200/200 distinct=200  expect=peer -> PASS
== 2g5 16:50:21
Done
Done
HEALTH board=m2 h79 problems=PLL_BISC_TIMER_DONE=0,PLL_BISC_CP_VALID=0 freq_acc=[0, 0, 0] span=0
HEALTH board=gs h79 problems=PLL_BISC_TIMER_DONE=0,PLL_BISC_CP_VALID=0 freq_acc=[0, 0, 0] span=0
2g5 m2: board=m2 PLL_LOCKED=1 CDR=1  LOOPBACK_SEL=0 (far:RX_PMA=0 RX_PCS=0 near:TX_PMA=0 TX_PCS=0 RX_OVR=0 TX_OVR=0; 0x2A=0x280C 0x40=0x1018)  rx: PEER 200/200 distinct=200  expect=peer -> PASS
2g5 gs: board=gs PLL_LOCKED=1 CDR=1  LOOPBACK_SEL=0 (far:RX_PMA=0 RX_PCS=0 near:TX_PMA=0 TX_PCS=0 RX_OVR=0 TX_OVR=0; 0x2A=0x280C 0x40=0x1018)  rx: PEER 200/200 distinct=200  expect=peer -> PASS
{
 "secs": 35.0,
 "gs_tx_rate_bps": 2500019360.0,
 "m2_tx_rate_bps": 2500019360.0,
 "loopback_sel_gs_design": 0,
 "rx_pol": 1,
 "outdiv": 2,
 "m2_to_gs": {
  "synced": 1,
  "self_seen": 0,
  "loss": 0,
  "words": 942686805,
  "errw": 1,
  "errb": 1,
  "code_err": 2,
  "new_words": 281472517066576,
  "new_errb": 4294965970,
  "ber": 2.6519942644153164e-11,
  "ber_95_upper": null,
  "ber_robust": 2.580625216886711e-11,
  "robust_secs": 30
 },
 "gs_to_m2": {
  "synced": 1,
  "self_seen": 0,
  "loss": 0,
  "words": 942686614,
  "errw": 27,
  "errb": 43,
  "code_err": 62,
  "new_words": 281472517066290,
  "new_errb": 4294947811,
  "fresh": true,
  "loopback_sel_m2_design": 0,
  "ber": 1.1403577647491662e-09,
  "ber_95_upper": null,
  "ber_robust": 1.1870875789365756e-09,
  "robust_secs": 30
 },
 "gs_inj": 0,
 "m2_inj": 0,
 "lines": 32
}
H79 DONE 16:52:47
