36f09752d8b85ebdf51b6fe8e34d9a646aa9e768a17ec86ced53dee63335e344  gs_sd_2g5p1_txneg_s7.bit
b1b98a5d946169d1be8b465503c6bee94fb72f44380a20b69bce8bfb6285af4e  m2_e1_2g5p1_txneg_s2.bit
bec33f074c13cb27d6dd3d4b083251ae76587336e1cfab6eed1346670f9b1b87  gs_p2_5g_txneg_s7.bit
ac8132bdfc3a995a7d144a029d86469eb756d6af43817e316fc2991143a9670e  m2_p2_5g_txneg_s1.bit
074d2d54716841094ead3302e150190aaa7bb14eee7e43d9f146ec4dda1302bb  gs_p3_5g_txneg_s7.bit
0f6385650a8519a7ceb60f566a316739d8f4c7ee4b0dd6676b1c10c229bfe8ec  m2_p3_5g_txneg_s1.bit
== 2.5G 16:52:57
HEALTH board=m2 t79_2g5_gs7_m22 r1 problems=PLL_BISC_TIMER_DONE=0,PLL_BISC_CP_VALID=0 freq_acc=[0, 0, 0] span=0
HEALTH board=gs t79_2g5_gs7_m22 r1 problems=PLL_BISC_TIMER_DONE=0,PLL_BISC_CP_VALID=0 freq_acc=[0, 0, 0] span=0
== t79_2g5_gs7_m22 r1: gs->m2 6.87e-10  m2->gs 2.55e-10
HEALTH board=m2 t79_2g5_gs7_m22 r2 problems=PLL_BISC_TIMER_DONE=0,PLL_BISC_CP_VALID=0 freq_acc=[0, 0, 0] span=0
HEALTH board=gs t79_2g5_gs7_m22 r2 problems=PLL_BISC_TIMER_DONE=0,PLL_BISC_CP_VALID=0 freq_acc=[0, 0, 0] span=0
== t79_2g5_gs7_m22 r2: gs->m2 4.29e-10  m2->gs 8.00e-12
HEALTH board=m2 t79_2g5_gs7_m22 r3 problems=PLL_BISC_TIMER_DONE=0,PLL_BISC_CP_VALID=0 freq_acc=[0, 0, 0] span=0
HEALTH board=gs t79_2g5_gs7_m22 r3 problems=PLL_BISC_TIMER_DONE=0,PLL_BISC_CP_VALID=0 freq_acc=[0, 0, 0] span=0
== t79_2g5_gs7_m22 r3: gs->m2 5.97e-10  m2->gs 1.33e-11
ABRUN DONE 17:09:16
== 5G round 1 17:09:16
HEALTH board=m2 t79_p2_60s r1 problems=PLL_BISC_TIMER_DONE=0,PLL_BISC_CP_VALID=0,RX_CDR_LOCKED=0 freq_acc=[0, 0, 0] span=0
HEALTH board=gs t79_p2_60s r1 problems=PLL_BISC_TIMER_DONE=0,PLL_BISC_CP_VALID=0,RX_CDR_LOCKED=0 freq_acc=[0, 0, 0] span=0
== t79_p2_60s r1: gs->m2 4.87e-02  m2->gs 2.00e-02
ABRUN DONE 17:10:51
HEALTH board=m2 t79_p3_60s r1 problems=PLL_BISC_TIMER_DONE=0,PLL_BISC_CP_VALID=0 freq_acc=[0, 0, 0] span=0
HEALTH board=gs t79_p3_60s r1 problems=PLL_BISC_TIMER_DONE=0,PLL_BISC_CP_VALID=0,RX_CDR_LOCKED=0 freq_acc=[0, 0, 0] span=0
== t79_p3_60s r1: gs->m2 6.49e-02  m2->gs 1.01e-01
ABRUN DONE 17:12:27
== 5G round 2 17:12:27
HEALTH board=m2 t79_p2_60s r1 problems=PLL_BISC_TIMER_DONE=0,PLL_BISC_CP_VALID=0,RX_CDR_LOCKED=0 freq_acc=[0, 0, 0] span=0
HEALTH board=gs t79_p2_60s r1 problems=PLL_BISC_TIMER_DONE=0,PLL_BISC_CP_VALID=0,RX_CDR_LOCKED=0 freq_acc=[0, 0, 0] span=0
== t79_p2_60s r1: gs->m2 4.40e-02  m2->gs 3.28e-02
ABRUN DONE 17:14:04
HEALTH board=m2 t79_p3_60s r1 problems=PLL_BISC_TIMER_DONE=0,PLL_BISC_CP_VALID=0 freq_acc=[0, 0, 0] span=0
HEALTH board=gs t79_p3_60s r1 problems=PLL_BISC_TIMER_DONE=0,PLL_BISC_CP_VALID=0,RX_CDR_LOCKED=0 freq_acc=[0, 0, 0] span=0
== t79_p3_60s r1: gs->m2 6.16e-02  m2->gs 7.84e-02
ABRUN DONE 17:15:39
== 5G round 3 17:15:39
HEALTH board=m2 t79_p2_60s r1 problems=PLL_BISC_TIMER_DONE=0,PLL_BISC_CP_VALID=0 freq_acc=[0, 0, 0] span=0
HEALTH board=gs t79_p2_60s r1 problems=PLL_BISC_TIMER_DONE=0,PLL_BISC_CP_VALID=0,RX_CDR_LOCKED=0 freq_acc=[0, 0, 0] span=0
== t79_p2_60s r1: gs->m2 5.31e-02  m2->gs 1.76e-02
ABRUN DONE 17:17:15
HEALTH board=m2 t79_p3_60s r1 problems=PLL_BISC_TIMER_DONE=0,PLL_BISC_CP_VALID=0,RX_CDR_LOCKED=0 freq_acc=[0, 0, 0] span=0
HEALTH board=gs t79_p3_60s r1 problems=PLL_BISC_TIMER_DONE=0,PLL_BISC_CP_VALID=0 freq_acc=[0, 0, 0] span=0
== t79_p3_60s r1: gs->m2 5.83e-02  m2->gs 1.07e-01
ABRUN DONE 17:18:52
HEALTH board=m2 t79_p2_300s r1 problems=PLL_BISC_TIMER_DONE=0,PLL_BISC_CP_VALID=0 freq_acc=[0, 0, 0] span=0
HEALTH board=gs t79_p2_300s r1 problems=PLL_BISC_TIMER_DONE=0,PLL_BISC_CP_VALID=0,RX_CDR_LOCKED=0 freq_acc=[0, 0, 0] span=0
== t79_p2_300s r1: gs->m2 5.94e-02  m2->gs 2.74e-02
ABRUN DONE 17:24:29
jtag_check P2 m2: board=m2 PLL_LOCKED=1 CDR=1  LOOPBACK_SEL=0 (far:RX_PMA=0 RX_PCS=0 near:TX_PMA=0 TX_PCS=0 RX_OVR=0 TX_OVR=0; 0x2A=0x280C 0x40=0x1018)  rx: OTHER 19/200 PEER 181/200 distinct=200  expect=peer -> FAIL
jtag_check P2 gs: board=gs PLL_LOCKED=1 CDR=1  LOOPBACK_SEL=0 (far:RX_PMA=0 RX_PCS=0 near:TX_PMA=0 TX_PCS=0 RX_OVR=0 TX_OVR=0; 0x2A=0x280C 0x40=0x1018)  rx: OTHER 8/200 PEER 192/200 distinct=200  expect=peer -> FAIL
HEALTH board=m2 t79_p3_300s r1 problems=PLL_BISC_TIMER_DONE=0,PLL_BISC_CP_VALID=0 freq_acc=[0, 0, 0] span=0
HEALTH board=gs t79_p3_300s r1 problems=PLL_BISC_TIMER_DONE=0,PLL_BISC_CP_VALID=0,RX_CDR_LOCKED=0 freq_acc=[0, 0, 0] span=0
== t79_p3_300s r1: gs->m2 6.39e-02  m2->gs 9.51e-02
ABRUN DONE 17:31:34
jtag_check P3 m2: board=m2 PLL_LOCKED=1 CDR=0  LOOPBACK_SEL=0 (far:RX_PMA=0 RX_PCS=0 near:TX_PMA=0 TX_PCS=0 RX_OVR=0 TX_OVR=0; 0x2A=0x280C 0x40=0x1018)  rx: OTHER 17/200 PEER 183/200 distinct=200  expect=peer -> FAIL
jtag_check P3 gs: board=gs PLL_LOCKED=1 CDR=1  LOOPBACK_SEL=0 (far:RX_PMA=0 RX_PCS=0 near:TX_PMA=0 TX_PCS=0 RX_OVR=0 TX_OVR=0; 0x2A=0x280C 0x40=0x1018)  rx: OTHER 18/200 PEER 182/200 distinct=200  expect=peer -> FAIL
| Point | load | BER gs→m2 | synced gs→m2 | BER m2→gs | synced m2→gs |
|---|---|---|---|---|---|

| Point | n | BER gs→m2 median (worst) | BER m2→gs median (worst) | bits per direction | synced share gs→m2 / m2→gs |
|---|---|---|---|---|---|
LAB9 DONE 17:33:14
